error: 'tests/instructor/at007.txt' does not exist
