error: 'tests/instructor/at008.txt' does not exist
