  state 0 OK -> Start a new game
->debug_test(easy)
  state 1 OK -> Fire Away!
     1  2  3  4
  A  _  _  _  _
  B  _  _  _  v
  C  _  _  h  v
  D  _  _  _  _
  Current Game (debug): 1
  Shots: 0/8
  Bombs: 0/2
  Score: 0/3 (Total: 0/3)
  Ships: 0/2
    2x1: [B, 4]->v;[C, 4]->v
    1x1: [C, 3]->h
->fire([A, 1])
  state 2 OK -> Miss! Keep Firing!
     1  2  3  4
  A  O  _  _  _
  B  _  _  _  v
  C  _  _  h  v
  D  _  _  _  _
  Current Game (debug): 1
  Shots: 1/8
  Bombs: 0/2
  Score: 0/3 (Total: 0/3)
  Ships: 0/2
    2x1: [B, 4]->v;[C, 4]->v
    1x1: [C, 3]->h
->fire([A, 2])
  state 3 OK -> Miss! Keep Firing!
     1  2  3  4
  A  O  O  _  _
  B  _  _  _  v
  C  _  _  h  v
  D  _  _  _  _
  Current Game (debug): 1
  Shots: 2/8
  Bombs: 0/2
  Score: 0/3 (Total: 0/3)
  Ships: 0/2
    2x1: [B, 4]->v;[C, 4]->v
    1x1: [C, 3]->h
->fire([A, 3])
  state 4 OK -> Miss! Keep Firing!
     1  2  3  4
  A  O  O  O  _
  B  _  _  _  v
  C  _  _  h  v
  D  _  _  _  _
  Current Game (debug): 1
  Shots: 3/8
  Bombs: 0/2
  Score: 0/3 (Total: 0/3)
  Ships: 0/2
    2x1: [B, 4]->v;[C, 4]->v
    1x1: [C, 3]->h
->fire([A, 4])
  state 5 OK -> Miss! Keep Firing!
     1  2  3  4
  A  O  O  O  O
  B  _  _  _  v
  C  _  _  h  v
  D  _  _  _  _
  Current Game (debug): 1
  Shots: 4/8
  Bombs: 0/2
  Score: 0/3 (Total: 0/3)
  Ships: 0/2
    2x1: [B, 4]->v;[C, 4]->v
    1x1: [C, 3]->h
->fire([B, 1])
  state 6 OK -> Miss! Keep Firing!
     1  2  3  4
  A  O  O  O  O
  B  O  _  _  v
  C  _  _  h  v
  D  _  _  _  _
  Current Game (debug): 1
  Shots: 5/8
  Bombs: 0/2
  Score: 0/3 (Total: 0/3)
  Ships: 0/2
    2x1: [B, 4]->v;[C, 4]->v
    1x1: [C, 3]->h
->fire([B, 2])
  state 7 OK -> Miss! Keep Firing!
     1  2  3  4
  A  O  O  O  O
  B  O  O  _  v
  C  _  _  h  v
  D  _  _  _  _
  Current Game (debug): 1
  Shots: 6/8
  Bombs: 0/2
  Score: 0/3 (Total: 0/3)
  Ships: 0/2
    2x1: [B, 4]->v;[C, 4]->v
    1x1: [C, 3]->h
->fire([B, 3])
  state 8 OK -> Miss! Keep Firing!
     1  2  3  4
  A  O  O  O  O
  B  O  O  O  v
  C  _  _  h  v
  D  _  _  _  _
  Current Game (debug): 1
  Shots: 7/8
  Bombs: 0/2
  Score: 0/3 (Total: 0/3)
  Ships: 0/2
    2x1: [B, 4]->v;[C, 4]->v
    1x1: [C, 3]->h
->fire([B, 4])
  state 9 OK -> Hit! Keep Firing!
     1  2  3  4
  A  O  O  O  O
  B  O  O  O  X
  C  _  _  h  v
  D  _  _  _  _
  Current Game (debug): 1
  Shots: 8/8
  Bombs: 0/2
  Score: 0/3 (Total: 0/3)
  Ships: 0/2
    2x1: [B, 4]->X;[C, 4]->v
    1x1: [C, 3]->h
->bomb([C, 1],[D, 1])
  state 10 OK -> Miss! Keep Firing!
     1  2  3  4
  A  O  O  O  O
  B  O  O  O  X
  C  O  _  h  v
  D  O  _  _  _
  Current Game (debug): 1
  Shots: 8/8
  Bombs: 1/2
  Score: 0/3 (Total: 0/3)
  Ships: 0/2
    2x1: [B, 4]->X;[C, 4]->v
    1x1: [C, 3]->h
->bomb([C, 2],[D, 2])
  state 11 OK -> Miss! Game Over!
     1  2  3  4
  A  O  O  O  O
  B  O  O  O  X
  C  O  O  h  v
  D  O  O  _  _
  Current Game (debug): 1
  Shots: 8/8
  Bombs: 2/2
  Score: 0/3 (Total: 0/3)
  Ships: 0/2
    2x1: [B, 4]->X;[C, 4]->v
    1x1: [C, 3]->h
->fire([A, 1])
  state 12 Game not started -> Start a new game
     1  2  3  4
  A  O  O  O  O
  B  O  O  O  X
  C  O  O  h  v
  D  O  O  _  _
  Current Game (debug): 1
  Shots: 8/8
  Bombs: 2/2
  Score: 0/3 (Total: 0/3)
  Ships: 0/2
    2x1: [B, 4]->X;[C, 4]->v
    1x1: [C, 3]->h
->debug_test(easy)
  state 13 OK -> Fire Away!
     1  2  3  4
  A  _  _  _  _
  B  _  _  _  _
  C  _  v  _  _
  D  _  v  _  v
  Current Game (debug): 2
  Shots: 0/8
  Bombs: 0/2
  Score: 0/3 (Total: 0/6)
  Ships: 0/2
    2x1: [C, 2]->v;[D, 2]->v
    1x1: [D, 4]->v
