  state 0 OK -> Start a new game
->new_game(easy)
  state 1 OK -> Fire Away!
     1  2  3  4
  A  _  _  _  _
  B  _  _  _  _
  C  _  _  _  _
  D  _  _  _  _
  Current Game: 1
  Shots: 0/8
  Bombs: 0/2
  Score: 0/3 (Total: 0/3)
  Ships: 0/2
    2x1: Not Sunk
    1x1: Not Sunk
->new_game(easy)
  state 2 Game already started -> Fire Away!
     1  2  3  4
  A  _  _  _  _
  B  _  _  _  _
  C  _  _  _  _
  D  _  _  _  _
  Current Game: 1
  Shots: 0/8
  Bombs: 0/2
  Score: 0/3 (Total: 0/3)
  Ships: 0/2
    2x1: Not Sunk
    1x1: Not Sunk
