  state 0 OK -> Start a new game
->debug_test(advanced)
  state 1 OK -> Fire Away!
     1  2  3  4  5  6  7  8  9 10 11 12
  A  _  _  _  _  h  h  h  _  _  _  _  _
  B  _  _  _  _  _  _  _  _  _  _  _  _
  C  _  _  _  _  _  h  h  h  h  h  h  _
  D  _  v  _  _  _  _  _  _  _  _  _  _
  E  _  v  _  _  _  _  _  v  _  _  _  _
  F  _  v  _  v  _  _  _  v  _  _  _  _
  G  _  v  _  v  _  _  _  v  h  _  _  _
  H  _  v  _  v  _  _  _  v  _  _  _  v
  I  _  _  _  v  _  _  _  v  _  _  _  v
  J  _  _  _  _  _  _  _  v  _  _  _  _
  K  _  _  _  _  _  _  _  v  _  _  _  _
  L  _  _  _  _  _  _  _  _  _  _  _  _
  Current Game (debug): 1
  Shots: 0/40
  Bombs: 0/7
  Score: 0/28 (Total: 0/28)
  Ships: 0/7
    7x1: [E, 8]->v;[F, 8]->v;[G, 8]->v;[H, 8]->v;[I, 8]->v;[J, 8]->v;[K, 8]->v
    6x1: [C, 6]->h;[C, 7]->h;[C, 8]->h;[C, 9]->h;[C,10]->h;[C,11]->h
    5x1: [D, 2]->v;[E, 2]->v;[F, 2]->v;[G, 2]->v;[H, 2]->v
    4x1: [F, 4]->v;[G, 4]->v;[H, 4]->v;[I, 4]->v
    3x1: [A, 5]->h;[A, 6]->h;[A, 7]->h
    2x1: [H,12]->v;[I,12]->v
    1x1: [G, 9]->h
->fire([C, 3])
  state 2 OK -> Miss! Keep Firing!
     1  2  3  4  5  6  7  8  9 10 11 12
  A  _  _  _  _  h  h  h  _  _  _  _  _
  B  _  _  _  _  _  _  _  _  _  _  _  _
  C  _  _  O  _  _  h  h  h  h  h  h  _
  D  _  v  _  _  _  _  _  _  _  _  _  _
  E  _  v  _  _  _  _  _  v  _  _  _  _
  F  _  v  _  v  _  _  _  v  _  _  _  _
  G  _  v  _  v  _  _  _  v  h  _  _  _
  H  _  v  _  v  _  _  _  v  _  _  _  v
  I  _  _  _  v  _  _  _  v  _  _  _  v
  J  _  _  _  _  _  _  _  v  _  _  _  _
  K  _  _  _  _  _  _  _  v  _  _  _  _
  L  _  _  _  _  _  _  _  _  _  _  _  _
  Current Game (debug): 1
  Shots: 1/40
  Bombs: 0/7
  Score: 0/28 (Total: 0/28)
  Ships: 0/7
    7x1: [E, 8]->v;[F, 8]->v;[G, 8]->v;[H, 8]->v;[I, 8]->v;[J, 8]->v;[K, 8]->v
    6x1: [C, 6]->h;[C, 7]->h;[C, 8]->h;[C, 9]->h;[C,10]->h;[C,11]->h
    5x1: [D, 2]->v;[E, 2]->v;[F, 2]->v;[G, 2]->v;[H, 2]->v
    4x1: [F, 4]->v;[G, 4]->v;[H, 4]->v;[I, 4]->v
    3x1: [A, 5]->h;[A, 6]->h;[A, 7]->h
    2x1: [H,12]->v;[I,12]->v
    1x1: [G, 9]->h
->fire([A, 4])
  state 3 OK -> Miss! Keep Firing!
     1  2  3  4  5  6  7  8  9 10 11 12
  A  _  _  _  O  h  h  h  _  _  _  _  _
  B  _  _  _  _  _  _  _  _  _  _  _  _
  C  _  _  O  _  _  h  h  h  h  h  h  _
  D  _  v  _  _  _  _  _  _  _  _  _  _
  E  _  v  _  _  _  _  _  v  _  _  _  _
  F  _  v  _  v  _  _  _  v  _  _  _  _
  G  _  v  _  v  _  _  _  v  h  _  _  _
  H  _  v  _  v  _  _  _  v  _  _  _  v
  I  _  _  _  v  _  _  _  v  _  _  _  v
  J  _  _  _  _  _  _  _  v  _  _  _  _
  K  _  _  _  _  _  _  _  v  _  _  _  _
  L  _  _  _  _  _  _  _  _  _  _  _  _
  Current Game (debug): 1
  Shots: 2/40
  Bombs: 0/7
  Score: 0/28 (Total: 0/28)
  Ships: 0/7
    7x1: [E, 8]->v;[F, 8]->v;[G, 8]->v;[H, 8]->v;[I, 8]->v;[J, 8]->v;[K, 8]->v
    6x1: [C, 6]->h;[C, 7]->h;[C, 8]->h;[C, 9]->h;[C,10]->h;[C,11]->h
    5x1: [D, 2]->v;[E, 2]->v;[F, 2]->v;[G, 2]->v;[H, 2]->v
    4x1: [F, 4]->v;[G, 4]->v;[H, 4]->v;[I, 4]->v
    3x1: [A, 5]->h;[A, 6]->h;[A, 7]->h
    2x1: [H,12]->v;[I,12]->v
    1x1: [G, 9]->h
->fire([E, 5])
  state 4 OK -> Miss! Keep Firing!
     1  2  3  4  5  6  7  8  9 10 11 12
  A  _  _  _  O  h  h  h  _  _  _  _  _
  B  _  _  _  _  _  _  _  _  _  _  _  _
  C  _  _  O  _  _  h  h  h  h  h  h  _
  D  _  v  _  _  _  _  _  _  _  _  _  _
  E  _  v  _  _  O  _  _  v  _  _  _  _
  F  _  v  _  v  _  _  _  v  _  _  _  _
  G  _  v  _  v  _  _  _  v  h  _  _  _
  H  _  v  _  v  _  _  _  v  _  _  _  v
  I  _  _  _  v  _  _  _  v  _  _  _  v
  J  _  _  _  _  _  _  _  v  _  _  _  _
  K  _  _  _  _  _  _  _  v  _  _  _  _
  L  _  _  _  _  _  _  _  _  _  _  _  _
  Current Game (debug): 1
  Shots: 3/40
  Bombs: 0/7
  Score: 0/28 (Total: 0/28)
  Ships: 0/7
    7x1: [E, 8]->v;[F, 8]->v;[G, 8]->v;[H, 8]->v;[I, 8]->v;[J, 8]->v;[K, 8]->v
    6x1: [C, 6]->h;[C, 7]->h;[C, 8]->h;[C, 9]->h;[C,10]->h;[C,11]->h
    5x1: [D, 2]->v;[E, 2]->v;[F, 2]->v;[G, 2]->v;[H, 2]->v
    4x1: [F, 4]->v;[G, 4]->v;[H, 4]->v;[I, 4]->v
    3x1: [A, 5]->h;[A, 6]->h;[A, 7]->h
    2x1: [H,12]->v;[I,12]->v
    1x1: [G, 9]->h
->fire([G, 6])
  state 5 OK -> Miss! Keep Firing!
     1  2  3  4  5  6  7  8  9 10 11 12
  A  _  _  _  O  h  h  h  _  _  _  _  _
  B  _  _  _  _  _  _  _  _  _  _  _  _
  C  _  _  O  _  _  h  h  h  h  h  h  _
  D  _  v  _  _  _  _  _  _  _  _  _  _
  E  _  v  _  _  O  _  _  v  _  _  _  _
  F  _  v  _  v  _  _  _  v  _  _  _  _
  G  _  v  _  v  _  O  _  v  h  _  _  _
  H  _  v  _  v  _  _  _  v  _  _  _  v
  I  _  _  _  v  _  _  _  v  _  _  _  v
  J  _  _  _  _  _  _  _  v  _  _  _  _
  K  _  _  _  _  _  _  _  v  _  _  _  _
  L  _  _  _  _  _  _  _  _  _  _  _  _
  Current Game (debug): 1
  Shots: 4/40
  Bombs: 0/7
  Score: 0/28 (Total: 0/28)
  Ships: 0/7
    7x1: [E, 8]->v;[F, 8]->v;[G, 8]->v;[H, 8]->v;[I, 8]->v;[J, 8]->v;[K, 8]->v
    6x1: [C, 6]->h;[C, 7]->h;[C, 8]->h;[C, 9]->h;[C,10]->h;[C,11]->h
    5x1: [D, 2]->v;[E, 2]->v;[F, 2]->v;[G, 2]->v;[H, 2]->v
    4x1: [F, 4]->v;[G, 4]->v;[H, 4]->v;[I, 4]->v
    3x1: [A, 5]->h;[A, 6]->h;[A, 7]->h
    2x1: [H,12]->v;[I,12]->v
    1x1: [G, 9]->h
->fire([D, 6])
  state 6 OK -> Miss! Keep Firing!
     1  2  3  4  5  6  7  8  9 10 11 12
  A  _  _  _  O  h  h  h  _  _  _  _  _
  B  _  _  _  _  _  _  _  _  _  _  _  _
  C  _  _  O  _  _  h  h  h  h  h  h  _
  D  _  v  _  _  _  O  _  _  _  _  _  _
  E  _  v  _  _  O  _  _  v  _  _  _  _
  F  _  v  _  v  _  _  _  v  _  _  _  _
  G  _  v  _  v  _  O  _  v  h  _  _  _
  H  _  v  _  v  _  _  _  v  _  _  _  v
  I  _  _  _  v  _  _  _  v  _  _  _  v
  J  _  _  _  _  _  _  _  v  _  _  _  _
  K  _  _  _  _  _  _  _  v  _  _  _  _
  L  _  _  _  _  _  _  _  _  _  _  _  _
  Current Game (debug): 1
  Shots: 5/40
  Bombs: 0/7
  Score: 0/28 (Total: 0/28)
  Ships: 0/7
    7x1: [E, 8]->v;[F, 8]->v;[G, 8]->v;[H, 8]->v;[I, 8]->v;[J, 8]->v;[K, 8]->v
    6x1: [C, 6]->h;[C, 7]->h;[C, 8]->h;[C, 9]->h;[C,10]->h;[C,11]->h
    5x1: [D, 2]->v;[E, 2]->v;[F, 2]->v;[G, 2]->v;[H, 2]->v
    4x1: [F, 4]->v;[G, 4]->v;[H, 4]->v;[I, 4]->v
    3x1: [A, 5]->h;[A, 6]->h;[A, 7]->h
    2x1: [H,12]->v;[I,12]->v
    1x1: [G, 9]->h
->fire([B, 1])
  state 7 OK -> Miss! Keep Firing!
     1  2  3  4  5  6  7  8  9 10 11 12
  A  _  _  _  O  h  h  h  _  _  _  _  _
  B  O  _  _  _  _  _  _  _  _  _  _  _
  C  _  _  O  _  _  h  h  h  h  h  h  _
  D  _  v  _  _  _  O  _  _  _  _  _  _
  E  _  v  _  _  O  _  _  v  _  _  _  _
  F  _  v  _  v  _  _  _  v  _  _  _  _
  G  _  v  _  v  _  O  _  v  h  _  _  _
  H  _  v  _  v  _  _  _  v  _  _  _  v
  I  _  _  _  v  _  _  _  v  _  _  _  v
  J  _  _  _  _  _  _  _  v  _  _  _  _
  K  _  _  _  _  _  _  _  v  _  _  _  _
  L  _  _  _  _  _  _  _  _  _  _  _  _
  Current Game (debug): 1
  Shots: 6/40
  Bombs: 0/7
  Score: 0/28 (Total: 0/28)
  Ships: 0/7
    7x1: [E, 8]->v;[F, 8]->v;[G, 8]->v;[H, 8]->v;[I, 8]->v;[J, 8]->v;[K, 8]->v
    6x1: [C, 6]->h;[C, 7]->h;[C, 8]->h;[C, 9]->h;[C,10]->h;[C,11]->h
    5x1: [D, 2]->v;[E, 2]->v;[F, 2]->v;[G, 2]->v;[H, 2]->v
    4x1: [F, 4]->v;[G, 4]->v;[H, 4]->v;[I, 4]->v
    3x1: [A, 5]->h;[A, 6]->h;[A, 7]->h
    2x1: [H,12]->v;[I,12]->v
    1x1: [G, 9]->h
->fire([B, 2])
  state 8 OK -> Miss! Keep Firing!
     1  2  3  4  5  6  7  8  9 10 11 12
  A  _  _  _  O  h  h  h  _  _  _  _  _
  B  O  O  _  _  _  _  _  _  _  _  _  _
  C  _  _  O  _  _  h  h  h  h  h  h  _
  D  _  v  _  _  _  O  _  _  _  _  _  _
  E  _  v  _  _  O  _  _  v  _  _  _  _
  F  _  v  _  v  _  _  _  v  _  _  _  _
  G  _  v  _  v  _  O  _  v  h  _  _  _
  H  _  v  _  v  _  _  _  v  _  _  _  v
  I  _  _  _  v  _  _  _  v  _  _  _  v
  J  _  _  _  _  _  _  _  v  _  _  _  _
  K  _  _  _  _  _  _  _  v  _  _  _  _
  L  _  _  _  _  _  _  _  _  _  _  _  _
  Current Game (debug): 1
  Shots: 7/40
  Bombs: 0/7
  Score: 0/28 (Total: 0/28)
  Ships: 0/7
    7x1: [E, 8]->v;[F, 8]->v;[G, 8]->v;[H, 8]->v;[I, 8]->v;[J, 8]->v;[K, 8]->v
    6x1: [C, 6]->h;[C, 7]->h;[C, 8]->h;[C, 9]->h;[C,10]->h;[C,11]->h
    5x1: [D, 2]->v;[E, 2]->v;[F, 2]->v;[G, 2]->v;[H, 2]->v
    4x1: [F, 4]->v;[G, 4]->v;[H, 4]->v;[I, 4]->v
    3x1: [A, 5]->h;[A, 6]->h;[A, 7]->h
    2x1: [H,12]->v;[I,12]->v
    1x1: [G, 9]->h
->fire([C, 4])
  state 9 OK -> Miss! Keep Firing!
     1  2  3  4  5  6  7  8  9 10 11 12
  A  _  _  _  O  h  h  h  _  _  _  _  _
  B  O  O  _  _  _  _  _  _  _  _  _  _
  C  _  _  O  O  _  h  h  h  h  h  h  _
  D  _  v  _  _  _  O  _  _  _  _  _  _
  E  _  v  _  _  O  _  _  v  _  _  _  _
  F  _  v  _  v  _  _  _  v  _  _  _  _
  G  _  v  _  v  _  O  _  v  h  _  _  _
  H  _  v  _  v  _  _  _  v  _  _  _  v
  I  _  _  _  v  _  _  _  v  _  _  _  v
  J  _  _  _  _  _  _  _  v  _  _  _  _
  K  _  _  _  _  _  _  _  v  _  _  _  _
  L  _  _  _  _  _  _  _  _  _  _  _  _
  Current Game (debug): 1
  Shots: 8/40
  Bombs: 0/7
  Score: 0/28 (Total: 0/28)
  Ships: 0/7
    7x1: [E, 8]->v;[F, 8]->v;[G, 8]->v;[H, 8]->v;[I, 8]->v;[J, 8]->v;[K, 8]->v
    6x1: [C, 6]->h;[C, 7]->h;[C, 8]->h;[C, 9]->h;[C,10]->h;[C,11]->h
    5x1: [D, 2]->v;[E, 2]->v;[F, 2]->v;[G, 2]->v;[H, 2]->v
    4x1: [F, 4]->v;[G, 4]->v;[H, 4]->v;[I, 4]->v
    3x1: [A, 5]->h;[A, 6]->h;[A, 7]->h
    2x1: [H,12]->v;[I,12]->v
    1x1: [G, 9]->h
->fire([C, 5])
  state 10 OK -> Miss! Keep Firing!
     1  2  3  4  5  6  7  8  9 10 11 12
  A  _  _  _  O  h  h  h  _  _  _  _  _
  B  O  O  _  _  _  _  _  _  _  _  _  _
  C  _  _  O  O  O  h  h  h  h  h  h  _
  D  _  v  _  _  _  O  _  _  _  _  _  _
  E  _  v  _  _  O  _  _  v  _  _  _  _
  F  _  v  _  v  _  _  _  v  _  _  _  _
  G  _  v  _  v  _  O  _  v  h  _  _  _
  H  _  v  _  v  _  _  _  v  _  _  _  v
  I  _  _  _  v  _  _  _  v  _  _  _  v
  J  _  _  _  _  _  _  _  v  _  _  _  _
  K  _  _  _  _  _  _  _  v  _  _  _  _
  L  _  _  _  _  _  _  _  _  _  _  _  _
  Current Game (debug): 1
  Shots: 9/40
  Bombs: 0/7
  Score: 0/28 (Total: 0/28)
  Ships: 0/7
    7x1: [E, 8]->v;[F, 8]->v;[G, 8]->v;[H, 8]->v;[I, 8]->v;[J, 8]->v;[K, 8]->v
    6x1: [C, 6]->h;[C, 7]->h;[C, 8]->h;[C, 9]->h;[C,10]->h;[C,11]->h
    5x1: [D, 2]->v;[E, 2]->v;[F, 2]->v;[G, 2]->v;[H, 2]->v
    4x1: [F, 4]->v;[G, 4]->v;[H, 4]->v;[I, 4]->v
    3x1: [A, 5]->h;[A, 6]->h;[A, 7]->h
    2x1: [H,12]->v;[I,12]->v
    1x1: [G, 9]->h
->fire([A, 7])
  state 11 OK -> Hit! Keep Firing!
     1  2  3  4  5  6  7  8  9 10 11 12
  A  _  _  _  O  h  h  X  _  _  _  _  _
  B  O  O  _  _  _  _  _  _  _  _  _  _
  C  _  _  O  O  O  h  h  h  h  h  h  _
  D  _  v  _  _  _  O  _  _  _  _  _  _
  E  _  v  _  _  O  _  _  v  _  _  _  _
  F  _  v  _  v  _  _  _  v  _  _  _  _
  G  _  v  _  v  _  O  _  v  h  _  _  _
  H  _  v  _  v  _  _  _  v  _  _  _  v
  I  _  _  _  v  _  _  _  v  _  _  _  v
  J  _  _  _  _  _  _  _  v  _  _  _  _
  K  _  _  _  _  _  _  _  v  _  _  _  _
  L  _  _  _  _  _  _  _  _  _  _  _  _
  Current Game (debug): 1
  Shots: 10/40
  Bombs: 0/7
  Score: 0/28 (Total: 0/28)
  Ships: 0/7
    7x1: [E, 8]->v;[F, 8]->v;[G, 8]->v;[H, 8]->v;[I, 8]->v;[J, 8]->v;[K, 8]->v
    6x1: [C, 6]->h;[C, 7]->h;[C, 8]->h;[C, 9]->h;[C,10]->h;[C,11]->h
    5x1: [D, 2]->v;[E, 2]->v;[F, 2]->v;[G, 2]->v;[H, 2]->v
    4x1: [F, 4]->v;[G, 4]->v;[H, 4]->v;[I, 4]->v
    3x1: [A, 5]->h;[A, 6]->h;[A, 7]->X
    2x1: [H,12]->v;[I,12]->v
    1x1: [G, 9]->h
->fire([F, 8])
  state 12 OK -> Hit! Keep Firing!
     1  2  3  4  5  6  7  8  9 10 11 12
  A  _  _  _  O  h  h  X  _  _  _  _  _
  B  O  O  _  _  _  _  _  _  _  _  _  _
  C  _  _  O  O  O  h  h  h  h  h  h  _
  D  _  v  _  _  _  O  _  _  _  _  _  _
  E  _  v  _  _  O  _  _  v  _  _  _  _
  F  _  v  _  v  _  _  _  X  _  _  _  _
  G  _  v  _  v  _  O  _  v  h  _  _  _
  H  _  v  _  v  _  _  _  v  _  _  _  v
  I  _  _  _  v  _  _  _  v  _  _  _  v
  J  _  _  _  _  _  _  _  v  _  _  _  _
  K  _  _  _  _  _  _  _  v  _  _  _  _
  L  _  _  _  _  _  _  _  _  _  _  _  _
  Current Game (debug): 1
  Shots: 11/40
  Bombs: 0/7
  Score: 0/28 (Total: 0/28)
  Ships: 0/7
    7x1: [E, 8]->v;[F, 8]->X;[G, 8]->v;[H, 8]->v;[I, 8]->v;[J, 8]->v;[K, 8]->v
    6x1: [C, 6]->h;[C, 7]->h;[C, 8]->h;[C, 9]->h;[C,10]->h;[C,11]->h
    5x1: [D, 2]->v;[E, 2]->v;[F, 2]->v;[G, 2]->v;[H, 2]->v
    4x1: [F, 4]->v;[G, 4]->v;[H, 4]->v;[I, 4]->v
    3x1: [A, 5]->h;[A, 6]->h;[A, 7]->X
    2x1: [H,12]->v;[I,12]->v
    1x1: [G, 9]->h
->fire([E, 10])
  state 13 OK -> Miss! Keep Firing!
     1  2  3  4  5  6  7  8  9 10 11 12
  A  _  _  _  O  h  h  X  _  _  _  _  _
  B  O  O  _  _  _  _  _  _  _  _  _  _
  C  _  _  O  O  O  h  h  h  h  h  h  _
  D  _  v  _  _  _  O  _  _  _  _  _  _
  E  _  v  _  _  O  _  _  v  _  O  _  _
  F  _  v  _  v  _  _  _  X  _  _  _  _
  G  _  v  _  v  _  O  _  v  h  _  _  _
  H  _  v  _  v  _  _  _  v  _  _  _  v
  I  _  _  _  v  _  _  _  v  _  _  _  v
  J  _  _  _  _  _  _  _  v  _  _  _  _
  K  _  _  _  _  _  _  _  v  _  _  _  _
  L  _  _  _  _  _  _  _  _  _  _  _  _
  Current Game (debug): 1
  Shots: 12/40
  Bombs: 0/7
  Score: 0/28 (Total: 0/28)
  Ships: 0/7
    7x1: [E, 8]->v;[F, 8]->X;[G, 8]->v;[H, 8]->v;[I, 8]->v;[J, 8]->v;[K, 8]->v
    6x1: [C, 6]->h;[C, 7]->h;[C, 8]->h;[C, 9]->h;[C,10]->h;[C,11]->h
    5x1: [D, 2]->v;[E, 2]->v;[F, 2]->v;[G, 2]->v;[H, 2]->v
    4x1: [F, 4]->v;[G, 4]->v;[H, 4]->v;[I, 4]->v
    3x1: [A, 5]->h;[A, 6]->h;[A, 7]->X
    2x1: [H,12]->v;[I,12]->v
    1x1: [G, 9]->h
->fire([F, 11])
  state 14 OK -> Miss! Keep Firing!
     1  2  3  4  5  6  7  8  9 10 11 12
  A  _  _  _  O  h  h  X  _  _  _  _  _
  B  O  O  _  _  _  _  _  _  _  _  _  _
  C  _  _  O  O  O  h  h  h  h  h  h  _
  D  _  v  _  _  _  O  _  _  _  _  _  _
  E  _  v  _  _  O  _  _  v  _  O  _  _
  F  _  v  _  v  _  _  _  X  _  _  O  _
  G  _  v  _  v  _  O  _  v  h  _  _  _
  H  _  v  _  v  _  _  _  v  _  _  _  v
  I  _  _  _  v  _  _  _  v  _  _  _  v
  J  _  _  _  _  _  _  _  v  _  _  _  _
  K  _  _  _  _  _  _  _  v  _  _  _  _
  L  _  _  _  _  _  _  _  _  _  _  _  _
  Current Game (debug): 1
  Shots: 13/40
  Bombs: 0/7
  Score: 0/28 (Total: 0/28)
  Ships: 0/7
    7x1: [E, 8]->v;[F, 8]->X;[G, 8]->v;[H, 8]->v;[I, 8]->v;[J, 8]->v;[K, 8]->v
    6x1: [C, 6]->h;[C, 7]->h;[C, 8]->h;[C, 9]->h;[C,10]->h;[C,11]->h
    5x1: [D, 2]->v;[E, 2]->v;[F, 2]->v;[G, 2]->v;[H, 2]->v
    4x1: [F, 4]->v;[G, 4]->v;[H, 4]->v;[I, 4]->v
    3x1: [A, 5]->h;[A, 6]->h;[A, 7]->X
    2x1: [H,12]->v;[I,12]->v
    1x1: [G, 9]->h
->fire([G, 9])
  state 15 OK -> 1x1 ship sunk! Keep Firing!
     1  2  3  4  5  6  7  8  9 10 11 12
  A  _  _  _  O  h  h  X  _  _  _  _  _
  B  O  O  _  _  _  _  _  _  _  _  _  _
  C  _  _  O  O  O  h  h  h  h  h  h  _
  D  _  v  _  _  _  O  _  _  _  _  _  _
  E  _  v  _  _  O  _  _  v  _  O  _  _
  F  _  v  _  v  _  _  _  X  _  _  O  _
  G  _  v  _  v  _  O  _  v  X  _  _  _
  H  _  v  _  v  _  _  _  v  _  _  _  v
  I  _  _  _  v  _  _  _  v  _  _  _  v
  J  _  _  _  _  _  _  _  v  _  _  _  _
  K  _  _  _  _  _  _  _  v  _  _  _  _
  L  _  _  _  _  _  _  _  _  _  _  _  _
  Current Game (debug): 1
  Shots: 14/40
  Bombs: 0/7
  Score: 1/28 (Total: 1/28)
  Ships: 1/7
    7x1: [E, 8]->v;[F, 8]->X;[G, 8]->v;[H, 8]->v;[I, 8]->v;[J, 8]->v;[K, 8]->v
    6x1: [C, 6]->h;[C, 7]->h;[C, 8]->h;[C, 9]->h;[C,10]->h;[C,11]->h
    5x1: [D, 2]->v;[E, 2]->v;[F, 2]->v;[G, 2]->v;[H, 2]->v
    4x1: [F, 4]->v;[G, 4]->v;[H, 4]->v;[I, 4]->v
    3x1: [A, 5]->h;[A, 6]->h;[A, 7]->X
    2x1: [H,12]->v;[I,12]->v
    1x1: [G, 9]->X
->fire([A, 8])
  state 16 OK -> Miss! Keep Firing!
     1  2  3  4  5  6  7  8  9 10 11 12
  A  _  _  _  O  h  h  X  O  _  _  _  _
  B  O  O  _  _  _  _  _  _  _  _  _  _
  C  _  _  O  O  O  h  h  h  h  h  h  _
  D  _  v  _  _  _  O  _  _  _  _  _  _
  E  _  v  _  _  O  _  _  v  _  O  _  _
  F  _  v  _  v  _  _  _  X  _  _  O  _
  G  _  v  _  v  _  O  _  v  X  _  _  _
  H  _  v  _  v  _  _  _  v  _  _  _  v
  I  _  _  _  v  _  _  _  v  _  _  _  v
  J  _  _  _  _  _  _  _  v  _  _  _  _
  K  _  _  _  _  _  _  _  v  _  _  _  _
  L  _  _  _  _  _  _  _  _  _  _  _  _
  Current Game (debug): 1
  Shots: 15/40
  Bombs: 0/7
  Score: 1/28 (Total: 1/28)
  Ships: 1/7
    7x1: [E, 8]->v;[F, 8]->X;[G, 8]->v;[H, 8]->v;[I, 8]->v;[J, 8]->v;[K, 8]->v
    6x1: [C, 6]->h;[C, 7]->h;[C, 8]->h;[C, 9]->h;[C,10]->h;[C,11]->h
    5x1: [D, 2]->v;[E, 2]->v;[F, 2]->v;[G, 2]->v;[H, 2]->v
    4x1: [F, 4]->v;[G, 4]->v;[H, 4]->v;[I, 4]->v
    3x1: [A, 5]->h;[A, 6]->h;[A, 7]->X
    2x1: [H,12]->v;[I,12]->v
    1x1: [G, 9]->X
->fire([A, 4])
  state 17 Already fired there -> Keep Firing!
     1  2  3  4  5  6  7  8  9 10 11 12
  A  _  _  _  O  h  h  X  O  _  _  _  _
  B  O  O  _  _  _  _  _  _  _  _  _  _
  C  _  _  O  O  O  h  h  h  h  h  h  _
  D  _  v  _  _  _  O  _  _  _  _  _  _
  E  _  v  _  _  O  _  _  v  _  O  _  _
  F  _  v  _  v  _  _  _  X  _  _  O  _
  G  _  v  _  v  _  O  _  v  X  _  _  _
  H  _  v  _  v  _  _  _  v  _  _  _  v
  I  _  _  _  v  _  _  _  v  _  _  _  v
  J  _  _  _  _  _  _  _  v  _  _  _  _
  K  _  _  _  _  _  _  _  v  _  _  _  _
  L  _  _  _  _  _  _  _  _  _  _  _  _
  Current Game (debug): 1
  Shots: 15/40
  Bombs: 0/7
  Score: 1/28 (Total: 1/28)
  Ships: 1/7
    7x1: [E, 8]->v;[F, 8]->X;[G, 8]->v;[H, 8]->v;[I, 8]->v;[J, 8]->v;[K, 8]->v
    6x1: [C, 6]->h;[C, 7]->h;[C, 8]->h;[C, 9]->h;[C,10]->h;[C,11]->h
    5x1: [D, 2]->v;[E, 2]->v;[F, 2]->v;[G, 2]->v;[H, 2]->v
    4x1: [F, 4]->v;[G, 4]->v;[H, 4]->v;[I, 4]->v
    3x1: [A, 5]->h;[A, 6]->h;[A, 7]->X
    2x1: [H,12]->v;[I,12]->v
    1x1: [G, 9]->X
->fire([C, 3])
  state 18 Already fired there -> Keep Firing!
     1  2  3  4  5  6  7  8  9 10 11 12
  A  _  _  _  O  h  h  X  O  _  _  _  _
  B  O  O  _  _  _  _  _  _  _  _  _  _
  C  _  _  O  O  O  h  h  h  h  h  h  _
  D  _  v  _  _  _  O  _  _  _  _  _  _
  E  _  v  _  _  O  _  _  v  _  O  _  _
  F  _  v  _  v  _  _  _  X  _  _  O  _
  G  _  v  _  v  _  O  _  v  X  _  _  _
  H  _  v  _  v  _  _  _  v  _  _  _  v
  I  _  _  _  v  _  _  _  v  _  _  _  v
  J  _  _  _  _  _  _  _  v  _  _  _  _
  K  _  _  _  _  _  _  _  v  _  _  _  _
  L  _  _  _  _  _  _  _  _  _  _  _  _
  Current Game (debug): 1
  Shots: 15/40
  Bombs: 0/7
  Score: 1/28 (Total: 1/28)
  Ships: 1/7
    7x1: [E, 8]->v;[F, 8]->X;[G, 8]->v;[H, 8]->v;[I, 8]->v;[J, 8]->v;[K, 8]->v
    6x1: [C, 6]->h;[C, 7]->h;[C, 8]->h;[C, 9]->h;[C,10]->h;[C,11]->h
    5x1: [D, 2]->v;[E, 2]->v;[F, 2]->v;[G, 2]->v;[H, 2]->v
    4x1: [F, 4]->v;[G, 4]->v;[H, 4]->v;[I, 4]->v
    3x1: [A, 5]->h;[A, 6]->h;[A, 7]->X
    2x1: [H,12]->v;[I,12]->v
    1x1: [G, 9]->X
->fire([H, 6])
  state 19 OK -> Miss! Keep Firing!
     1  2  3  4  5  6  7  8  9 10 11 12
  A  _  _  _  O  h  h  X  O  _  _  _  _
  B  O  O  _  _  _  _  _  _  _  _  _  _
  C  _  _  O  O  O  h  h  h  h  h  h  _
  D  _  v  _  _  _  O  _  _  _  _  _  _
  E  _  v  _  _  O  _  _  v  _  O  _  _
  F  _  v  _  v  _  _  _  X  _  _  O  _
  G  _  v  _  v  _  O  _  v  X  _  _  _
  H  _  v  _  v  _  O  _  v  _  _  _  v
  I  _  _  _  v  _  _  _  v  _  _  _  v
  J  _  _  _  _  _  _  _  v  _  _  _  _
  K  _  _  _  _  _  _  _  v  _  _  _  _
  L  _  _  _  _  _  _  _  _  _  _  _  _
  Current Game (debug): 1
  Shots: 16/40
  Bombs: 0/7
  Score: 1/28 (Total: 1/28)
  Ships: 1/7
    7x1: [E, 8]->v;[F, 8]->X;[G, 8]->v;[H, 8]->v;[I, 8]->v;[J, 8]->v;[K, 8]->v
    6x1: [C, 6]->h;[C, 7]->h;[C, 8]->h;[C, 9]->h;[C,10]->h;[C,11]->h
    5x1: [D, 2]->v;[E, 2]->v;[F, 2]->v;[G, 2]->v;[H, 2]->v
    4x1: [F, 4]->v;[G, 4]->v;[H, 4]->v;[I, 4]->v
    3x1: [A, 5]->h;[A, 6]->h;[A, 7]->X
    2x1: [H,12]->v;[I,12]->v
    1x1: [G, 9]->X
->fire([I, 4])
  state 20 OK -> Hit! Keep Firing!
     1  2  3  4  5  6  7  8  9 10 11 12
  A  _  _  _  O  h  h  X  O  _  _  _  _
  B  O  O  _  _  _  _  _  _  _  _  _  _
  C  _  _  O  O  O  h  h  h  h  h  h  _
  D  _  v  _  _  _  O  _  _  _  _  _  _
  E  _  v  _  _  O  _  _  v  _  O  _  _
  F  _  v  _  v  _  _  _  X  _  _  O  _
  G  _  v  _  v  _  O  _  v  X  _  _  _
  H  _  v  _  v  _  O  _  v  _  _  _  v
  I  _  _  _  X  _  _  _  v  _  _  _  v
  J  _  _  _  _  _  _  _  v  _  _  _  _
  K  _  _  _  _  _  _  _  v  _  _  _  _
  L  _  _  _  _  _  _  _  _  _  _  _  _
  Current Game (debug): 1
  Shots: 17/40
  Bombs: 0/7
  Score: 1/28 (Total: 1/28)
  Ships: 1/7
    7x1: [E, 8]->v;[F, 8]->X;[G, 8]->v;[H, 8]->v;[I, 8]->v;[J, 8]->v;[K, 8]->v
    6x1: [C, 6]->h;[C, 7]->h;[C, 8]->h;[C, 9]->h;[C,10]->h;[C,11]->h
    5x1: [D, 2]->v;[E, 2]->v;[F, 2]->v;[G, 2]->v;[H, 2]->v
    4x1: [F, 4]->v;[G, 4]->v;[H, 4]->v;[I, 4]->X
    3x1: [A, 5]->h;[A, 6]->h;[A, 7]->X
    2x1: [H,12]->v;[I,12]->v
    1x1: [G, 9]->X
->fire([H, 5])
  state 21 OK -> Miss! Keep Firing!
     1  2  3  4  5  6  7  8  9 10 11 12
  A  _  _  _  O  h  h  X  O  _  _  _  _
  B  O  O  _  _  _  _  _  _  _  _  _  _
  C  _  _  O  O  O  h  h  h  h  h  h  _
  D  _  v  _  _  _  O  _  _  _  _  _  _
  E  _  v  _  _  O  _  _  v  _  O  _  _
  F  _  v  _  v  _  _  _  X  _  _  O  _
  G  _  v  _  v  _  O  _  v  X  _  _  _
  H  _  v  _  v  O  O  _  v  _  _  _  v
  I  _  _  _  X  _  _  _  v  _  _  _  v
  J  _  _  _  _  _  _  _  v  _  _  _  _
  K  _  _  _  _  _  _  _  v  _  _  _  _
  L  _  _  _  _  _  _  _  _  _  _  _  _
  Current Game (debug): 1
  Shots: 18/40
  Bombs: 0/7
  Score: 1/28 (Total: 1/28)
  Ships: 1/7
    7x1: [E, 8]->v;[F, 8]->X;[G, 8]->v;[H, 8]->v;[I, 8]->v;[J, 8]->v;[K, 8]->v
    6x1: [C, 6]->h;[C, 7]->h;[C, 8]->h;[C, 9]->h;[C,10]->h;[C,11]->h
    5x1: [D, 2]->v;[E, 2]->v;[F, 2]->v;[G, 2]->v;[H, 2]->v
    4x1: [F, 4]->v;[G, 4]->v;[H, 4]->v;[I, 4]->X
    3x1: [A, 5]->h;[A, 6]->h;[A, 7]->X
    2x1: [H,12]->v;[I,12]->v
    1x1: [G, 9]->X
->fire([I, 10])
  state 22 OK -> Miss! Keep Firing!
     1  2  3  4  5  6  7  8  9 10 11 12
  A  _  _  _  O  h  h  X  O  _  _  _  _
  B  O  O  _  _  _  _  _  _  _  _  _  _
  C  _  _  O  O  O  h  h  h  h  h  h  _
  D  _  v  _  _  _  O  _  _  _  _  _  _
  E  _  v  _  _  O  _  _  v  _  O  _  _
  F  _  v  _  v  _  _  _  X  _  _  O  _
  G  _  v  _  v  _  O  _  v  X  _  _  _
  H  _  v  _  v  O  O  _  v  _  _  _  v
  I  _  _  _  X  _  _  _  v  _  O  _  v
  J  _  _  _  _  _  _  _  v  _  _  _  _
  K  _  _  _  _  _  _  _  v  _  _  _  _
  L  _  _  _  _  _  _  _  _  _  _  _  _
  Current Game (debug): 1
  Shots: 19/40
  Bombs: 0/7
  Score: 1/28 (Total: 1/28)
  Ships: 1/7
    7x1: [E, 8]->v;[F, 8]->X;[G, 8]->v;[H, 8]->v;[I, 8]->v;[J, 8]->v;[K, 8]->v
    6x1: [C, 6]->h;[C, 7]->h;[C, 8]->h;[C, 9]->h;[C,10]->h;[C,11]->h
    5x1: [D, 2]->v;[E, 2]->v;[F, 2]->v;[G, 2]->v;[H, 2]->v
    4x1: [F, 4]->v;[G, 4]->v;[H, 4]->v;[I, 4]->X
    3x1: [A, 5]->h;[A, 6]->h;[A, 7]->X
    2x1: [H,12]->v;[I,12]->v
    1x1: [G, 9]->X
->fire([J, 12])
  state 23 OK -> Miss! Keep Firing!
     1  2  3  4  5  6  7  8  9 10 11 12
  A  _  _  _  O  h  h  X  O  _  _  _  _
  B  O  O  _  _  _  _  _  _  _  _  _  _
  C  _  _  O  O  O  h  h  h  h  h  h  _
  D  _  v  _  _  _  O  _  _  _  _  _  _
  E  _  v  _  _  O  _  _  v  _  O  _  _
  F  _  v  _  v  _  _  _  X  _  _  O  _
  G  _  v  _  v  _  O  _  v  X  _  _  _
  H  _  v  _  v  O  O  _  v  _  _  _  v
  I  _  _  _  X  _  _  _  v  _  O  _  v
  J  _  _  _  _  _  _  _  v  _  _  _  O
  K  _  _  _  _  _  _  _  v  _  _  _  _
  L  _  _  _  _  _  _  _  _  _  _  _  _
  Current Game (debug): 1
  Shots: 20/40
  Bombs: 0/7
  Score: 1/28 (Total: 1/28)
  Ships: 1/7
    7x1: [E, 8]->v;[F, 8]->X;[G, 8]->v;[H, 8]->v;[I, 8]->v;[J, 8]->v;[K, 8]->v
    6x1: [C, 6]->h;[C, 7]->h;[C, 8]->h;[C, 9]->h;[C,10]->h;[C,11]->h
    5x1: [D, 2]->v;[E, 2]->v;[F, 2]->v;[G, 2]->v;[H, 2]->v
    4x1: [F, 4]->v;[G, 4]->v;[H, 4]->v;[I, 4]->X
    3x1: [A, 5]->h;[A, 6]->h;[A, 7]->X
    2x1: [H,12]->v;[I,12]->v
    1x1: [G, 9]->X
