  state 0 OK -> Start a new game
->fire([A, 4])
  state 1 Game not started -> Start a new game
