  state 0 OK -> Start a new game
->fire([A, 3])
  state 1 Game not started -> Start a new game
