  state 0 OK -> Start a new game
->debug_test(easy)
  state 1 OK -> Fire Away!
     1  2  3  4
  A  _  _  _  _
  B  _  _  _  v
  C  _  _  h  v
  D  _  _  _  _
  Current Game (debug): 1
  Shots: 0/8
  Bombs: 0/2
  Score: 0/3 (Total: 0/3)
  Ships: 0/2
    2x1: [B, 4]->v;[C, 4]->v
    1x1: [C, 3]->h
->undo
  state 2 Nothing to undo -> Fire Away!
     1  2  3  4
  A  _  _  _  _
  B  _  _  _  v
  C  _  _  h  v
  D  _  _  _  _
  Current Game (debug): 1
  Shots: 0/8
  Bombs: 0/2
  Score: 0/3 (Total: 0/3)
  Ships: 0/2
    2x1: [B, 4]->v;[C, 4]->v
    1x1: [C, 3]->h
->redo
  state 3 Nothing to redo -> Fire Away!
     1  2  3  4
  A  _  _  _  _
  B  _  _  _  v
  C  _  _  h  v
  D  _  _  _  _
  Current Game (debug): 1
  Shots: 0/8
  Bombs: 0/2
  Score: 0/3 (Total: 0/3)
  Ships: 0/2
    2x1: [B, 4]->v;[C, 4]->v
    1x1: [C, 3]->h
->fire([C, 2])
  state 4 OK -> Miss! Keep Firing!
     1  2  3  4
  A  _  _  _  _
  B  _  _  _  v
  C  _  O  h  v
  D  _  _  _  _
  Current Game (debug): 1
  Shots: 1/8
  Bombs: 0/2
  Score: 0/3 (Total: 0/3)
  Ships: 0/2
    2x1: [B, 4]->v;[C, 4]->v
    1x1: [C, 3]->h
->undo
  state 5 (= state 1) OK -> Fire Away!
     1  2  3  4
  A  _  _  _  _
  B  _  _  _  v
  C  _  _  h  v
  D  _  _  _  _
  Current Game (debug): 1
  Shots: 0/8
  Bombs: 0/2
  Score: 0/3 (Total: 0/3)
  Ships: 0/2
    2x1: [B, 4]->v;[C, 4]->v
    1x1: [C, 3]->h
->redo
  state 6 (= state 4) OK -> Miss! Keep Firing!
     1  2  3  4
  A  _  _  _  _
  B  _  _  _  v
  C  _  O  h  v
  D  _  _  _  _
  Current Game (debug): 1
  Shots: 1/8
  Bombs: 0/2
  Score: 0/3 (Total: 0/3)
  Ships: 0/2
    2x1: [B, 4]->v;[C, 4]->v
    1x1: [C, 3]->h
->give_up
  state 7 OK -> You gave up!
     1  2  3  4
  A  _  _  _  _
  B  _  _  _  v
  C  _  O  h  v
  D  _  _  _  _
  Current Game (debug): 1
  Shots: 1/8
  Bombs: 0/2
  Score: 0/3 (Total: 0/3)
  Ships: 0/2
    2x1: [B, 4]->v;[C, 4]->v
    1x1: [C, 3]->h
->undo
  state 8 Nothing to undo -> Start a new game
     1  2  3  4
  A  _  _  _  _
  B  _  _  _  v
  C  _  O  h  v
  D  _  _  _  _
  Current Game (debug): 1
  Shots: 1/8
  Bombs: 0/2
  Score: 0/3 (Total: 0/3)
  Ships: 0/2
    2x1: [B, 4]->v;[C, 4]->v
    1x1: [C, 3]->h
->redo
  state 9 Nothing to redo -> Start a new game
     1  2  3  4
  A  _  _  _  _
  B  _  _  _  v
  C  _  O  h  v
  D  _  _  _  _
  Current Game (debug): 1
  Shots: 1/8
  Bombs: 0/2
  Score: 0/3 (Total: 0/3)
  Ships: 0/2
    2x1: [B, 4]->v;[C, 4]->v
    1x1: [C, 3]->h
->debug_test(advanced)
  state 10 OK -> Fire Away!
     1  2  3  4  5  6  7  8  9 10 11 12
  A  _  _  _  _  h  h  h  _  _  _  _  _
  B  _  _  _  v  _  _  _  v  _  _  _  _
  C  _  v  _  v  _  _  _  v  _  _  _  _
  D  _  v  _  v  _  _  _  v  _  _  _  _
  E  _  v  _  v  _  _  _  v  _  _  _  _
  F  _  v  _  v  _  _  _  _  _  v  _  _
  G  _  v  _  _  _  _  _  _  h  v  _  _
  H  _  v  _  _  _  _  _  _  _  v  _  v
  I  _  _  _  _  _  _  _  _  _  v  _  v
  J  _  _  _  _  _  _  _  _  _  v  _  _
  K  _  _  _  _  _  _  _  _  _  v  _  _
  L  _  _  _  _  _  _  _  _  _  v  _  _
  Current Game (debug): 1
  Shots: 0/40
  Bombs: 0/7
  Score: 0/28 (Total: 0/28)
  Ships: 0/7
    7x1: [F,10]->v;[G,10]->v;[H,10]->v;[I,10]->v;[J,10]->v;[K,10]->v;[L,10]->v
    6x1: [C, 2]->v;[D, 2]->v;[E, 2]->v;[F, 2]->v;[G, 2]->v;[H, 2]->v
    5x1: [B, 4]->v;[C, 4]->v;[D, 4]->v;[E, 4]->v;[F, 4]->v
    4x1: [B, 8]->v;[C, 8]->v;[D, 8]->v;[E, 8]->v
    3x1: [A, 5]->h;[A, 6]->h;[A, 7]->h
    2x1: [H,12]->v;[I,12]->v
    1x1: [G, 9]->h
