  state 0 OK -> Start a new game
->debug_test(easy)
  state 1 OK -> Fire Away!
     1  2  3  4
  A  _  _  _  _
  B  _  _  _  v
  C  _  _  h  v
  D  _  _  _  _
  Current Game (debug): 1
  Shots: 0/8
  Bombs: 0/2
  Score: 0/3 (Total: 0/3)
  Ships: 0/2
    2x1: [B, 4]->v;[C, 4]->v
    1x1: [C, 3]->h
->fire([C, 3])
  state 2 OK -> 1x1 ship sunk! Keep Firing!
     1  2  3  4
  A  _  _  _  _
  B  _  _  _  v
  C  _  _  X  v
  D  _  _  _  _
  Current Game (debug): 1
  Shots: 1/8
  Bombs: 0/2
  Score: 1/3 (Total: 1/3)
  Ships: 1/2
    2x1: [B, 4]->v;[C, 4]->v
    1x1: [C, 3]->X
->undo
  state 3 (= state 1) OK -> Fire Away!
     1  2  3  4
  A  _  _  _  _
  B  _  _  _  v
  C  _  _  h  v
  D  _  _  _  _
  Current Game (debug): 1
  Shots: 0/8
  Bombs: 0/2
  Score: 0/3 (Total: 0/3)
  Ships: 0/2
    2x1: [B, 4]->v;[C, 4]->v
    1x1: [C, 3]->h
->undo
  state 4 Nothing to undo -> Fire Away!
     1  2  3  4
  A  _  _  _  _
  B  _  _  _  v
  C  _  _  h  v
  D  _  _  _  _
  Current Game (debug): 1
  Shots: 0/8
  Bombs: 0/2
  Score: 0/3 (Total: 0/3)
  Ships: 0/2
    2x1: [B, 4]->v;[C, 4]->v
    1x1: [C, 3]->h
->undo
  state 5 Nothing to undo -> Fire Away!
     1  2  3  4
  A  _  _  _  _
  B  _  _  _  v
  C  _  _  h  v
  D  _  _  _  _
  Current Game (debug): 1
  Shots: 0/8
  Bombs: 0/2
  Score: 0/3 (Total: 0/3)
  Ships: 0/2
    2x1: [B, 4]->v;[C, 4]->v
    1x1: [C, 3]->h
->undo
  state 6 Nothing to undo -> Fire Away!
     1  2  3  4
  A  _  _  _  _
  B  _  _  _  v
  C  _  _  h  v
  D  _  _  _  _
  Current Game (debug): 1
  Shots: 0/8
  Bombs: 0/2
  Score: 0/3 (Total: 0/3)
  Ships: 0/2
    2x1: [B, 4]->v;[C, 4]->v
    1x1: [C, 3]->h
->undo
  state 7 Nothing to undo -> Fire Away!
     1  2  3  4
  A  _  _  _  _
  B  _  _  _  v
  C  _  _  h  v
  D  _  _  _  _
  Current Game (debug): 1
  Shots: 0/8
  Bombs: 0/2
  Score: 0/3 (Total: 0/3)
  Ships: 0/2
    2x1: [B, 4]->v;[C, 4]->v
    1x1: [C, 3]->h
->fire([C, 3])
  state 8 OK -> 1x1 ship sunk! Keep Firing!
     1  2  3  4
  A  _  _  _  _
  B  _  _  _  v
  C  _  _  X  v
  D  _  _  _  _
  Current Game (debug): 1
  Shots: 1/8
  Bombs: 0/2
  Score: 1/3 (Total: 1/3)
  Ships: 1/2
    2x1: [B, 4]->v;[C, 4]->v
    1x1: [C, 3]->X
->undo
  state 9 (= state 1) OK -> Fire Away!
     1  2  3  4
  A  _  _  _  _
  B  _  _  _  v
  C  _  _  h  v
  D  _  _  _  _
  Current Game (debug): 1
  Shots: 0/8
  Bombs: 0/2
  Score: 0/3 (Total: 0/3)
  Ships: 0/2
    2x1: [B, 4]->v;[C, 4]->v
    1x1: [C, 3]->h
->undo
  state 10 Nothing to undo -> Fire Away!
     1  2  3  4
  A  _  _  _  _
  B  _  _  _  v
  C  _  _  h  v
  D  _  _  _  _
  Current Game (debug): 1
  Shots: 0/8
  Bombs: 0/2
  Score: 0/3 (Total: 0/3)
  Ships: 0/2
    2x1: [B, 4]->v;[C, 4]->v
    1x1: [C, 3]->h
->undo
  state 11 Nothing to undo -> Fire Away!
     1  2  3  4
  A  _  _  _  _
  B  _  _  _  v
  C  _  _  h  v
  D  _  _  _  _
  Current Game (debug): 1
  Shots: 0/8
  Bombs: 0/2
  Score: 0/3 (Total: 0/3)
  Ships: 0/2
    2x1: [B, 4]->v;[C, 4]->v
    1x1: [C, 3]->h
->fire([C, 2])
  state 12 OK -> Miss! Keep Firing!
     1  2  3  4
  A  _  _  _  _
  B  _  _  _  v
  C  _  O  h  v
  D  _  _  _  _
  Current Game (debug): 1
  Shots: 1/8
  Bombs: 0/2
  Score: 0/3 (Total: 0/3)
  Ships: 0/2
    2x1: [B, 4]->v;[C, 4]->v
    1x1: [C, 3]->h
->undo
  state 13 (= state 1) OK -> Fire Away!
     1  2  3  4
  A  _  _  _  _
  B  _  _  _  v
  C  _  _  h  v
  D  _  _  _  _
  Current Game (debug): 1
  Shots: 0/8
  Bombs: 0/2
  Score: 0/3 (Total: 0/3)
  Ships: 0/2
    2x1: [B, 4]->v;[C, 4]->v
    1x1: [C, 3]->h
->undo
  state 14 Nothing to undo -> Fire Away!
     1  2  3  4
  A  _  _  _  _
  B  _  _  _  v
  C  _  _  h  v
  D  _  _  _  _
  Current Game (debug): 1
  Shots: 0/8
  Bombs: 0/2
  Score: 0/3 (Total: 0/3)
  Ships: 0/2
    2x1: [B, 4]->v;[C, 4]->v
    1x1: [C, 3]->h
->fire([C, 1])
  state 15 OK -> Miss! Keep Firing!
     1  2  3  4
  A  _  _  _  _
  B  _  _  _  v
  C  O  _  h  v
  D  _  _  _  _
  Current Game (debug): 1
  Shots: 1/8
  Bombs: 0/2
  Score: 0/3 (Total: 0/3)
  Ships: 0/2
    2x1: [B, 4]->v;[C, 4]->v
    1x1: [C, 3]->h
->fire([C, 2])
  state 16 OK -> Miss! Keep Firing!
     1  2  3  4
  A  _  _  _  _
  B  _  _  _  v
  C  O  O  h  v
  D  _  _  _  _
  Current Game (debug): 1
  Shots: 2/8
  Bombs: 0/2
  Score: 0/3 (Total: 0/3)
  Ships: 0/2
    2x1: [B, 4]->v;[C, 4]->v
    1x1: [C, 3]->h
->fire([C, 3])
  state 17 OK -> 1x1 ship sunk! Keep Firing!
     1  2  3  4
  A  _  _  _  _
  B  _  _  _  v
  C  O  O  X  v
  D  _  _  _  _
  Current Game (debug): 1
  Shots: 3/8
  Bombs: 0/2
  Score: 1/3 (Total: 1/3)
  Ships: 1/2
    2x1: [B, 4]->v;[C, 4]->v
    1x1: [C, 3]->X
->undo
  state 18 (= state 16) OK -> Miss! Keep Firing!
     1  2  3  4
  A  _  _  _  _
  B  _  _  _  v
  C  O  O  h  v
  D  _  _  _  _
  Current Game (debug): 1
  Shots: 2/8
  Bombs: 0/2
  Score: 0/3 (Total: 0/3)
  Ships: 0/2
    2x1: [B, 4]->v;[C, 4]->v
    1x1: [C, 3]->h
->undo
  state 19 (= state 15) OK -> Miss! Keep Firing!
     1  2  3  4
  A  _  _  _  _
  B  _  _  _  v
  C  O  _  h  v
  D  _  _  _  _
  Current Game (debug): 1
  Shots: 1/8
  Bombs: 0/2
  Score: 0/3 (Total: 0/3)
  Ships: 0/2
    2x1: [B, 4]->v;[C, 4]->v
    1x1: [C, 3]->h
->undo
  state 20 (= state 1) OK -> Fire Away!
     1  2  3  4
  A  _  _  _  _
  B  _  _  _  v
  C  _  _  h  v
  D  _  _  _  _
  Current Game (debug): 1
  Shots: 0/8
  Bombs: 0/2
  Score: 0/3 (Total: 0/3)
  Ships: 0/2
    2x1: [B, 4]->v;[C, 4]->v
    1x1: [C, 3]->h
->undo
  state 21 Nothing to undo -> Fire Away!
     1  2  3  4
  A  _  _  _  _
  B  _  _  _  v
  C  _  _  h  v
  D  _  _  _  _
  Current Game (debug): 1
  Shots: 0/8
  Bombs: 0/2
  Score: 0/3 (Total: 0/3)
  Ships: 0/2
    2x1: [B, 4]->v;[C, 4]->v
    1x1: [C, 3]->h
->undo
  state 22 Nothing to undo -> Fire Away!
     1  2  3  4
  A  _  _  _  _
  B  _  _  _  v
  C  _  _  h  v
  D  _  _  _  _
  Current Game (debug): 1
  Shots: 0/8
  Bombs: 0/2
  Score: 0/3 (Total: 0/3)
  Ships: 0/2
    2x1: [B, 4]->v;[C, 4]->v
    1x1: [C, 3]->h
