  state 0 OK -> Start a new game
->debug_test(easy)
  state 1 OK -> Fire Away!
     1  2  3  4
  A  _  _  _  _
  B  _  _  _  v
  C  _  _  h  v
  D  _  _  _  _
  Current Game (debug): 1
  Shots: 0/8
  Bombs: 0/2
  Score: 0/3 (Total: 0/3)
  Ships: 0/2
    2x1: [B, 4]->v;[C, 4]->v
    1x1: [C, 3]->h
->redo
  state 2 Nothing to redo -> Fire Away!
     1  2  3  4
  A  _  _  _  _
  B  _  _  _  v
  C  _  _  h  v
  D  _  _  _  _
  Current Game (debug): 1
  Shots: 0/8
  Bombs: 0/2
  Score: 0/3 (Total: 0/3)
  Ships: 0/2
    2x1: [B, 4]->v;[C, 4]->v
    1x1: [C, 3]->h
->fire([C, 3])
  state 3 OK -> 1x1 ship sunk! Keep Firing!
     1  2  3  4
  A  _  _  _  _
  B  _  _  _  v
  C  _  _  X  v
  D  _  _  _  _
  Current Game (debug): 1
  Shots: 1/8
  Bombs: 0/2
  Score: 1/3 (Total: 1/3)
  Ships: 1/2
    2x1: [B, 4]->v;[C, 4]->v
    1x1: [C, 3]->X
->undo
  state 4 (= state 1) OK -> Fire Away!
     1  2  3  4
  A  _  _  _  _
  B  _  _  _  v
  C  _  _  h  v
  D  _  _  _  _
  Current Game (debug): 1
  Shots: 0/8
  Bombs: 0/2
  Score: 0/3 (Total: 0/3)
  Ships: 0/2
    2x1: [B, 4]->v;[C, 4]->v
    1x1: [C, 3]->h
->redo
  state 5 (= state 3) OK -> 1x1 ship sunk! Keep Firing!
     1  2  3  4
  A  _  _  _  _
  B  _  _  _  v
  C  _  _  X  v
  D  _  _  _  _
  Current Game (debug): 1
  Shots: 1/8
  Bombs: 0/2
  Score: 1/3 (Total: 1/3)
  Ships: 1/2
    2x1: [B, 4]->v;[C, 4]->v
    1x1: [C, 3]->X
->fire([C, 4])
  state 6 OK -> Hit! Keep Firing!
     1  2  3  4
  A  _  _  _  _
  B  _  _  _  v
  C  _  _  X  X
  D  _  _  _  _
  Current Game (debug): 1
  Shots: 2/8
  Bombs: 0/2
  Score: 1/3 (Total: 1/3)
  Ships: 1/2
    2x1: [B, 4]->v;[C, 4]->X
    1x1: [C, 3]->X
->fire([C, 2])
  state 7 OK -> Miss! Keep Firing!
     1  2  3  4
  A  _  _  _  _
  B  _  _  _  v
  C  _  O  X  X
  D  _  _  _  _
  Current Game (debug): 1
  Shots: 3/8
  Bombs: 0/2
  Score: 1/3 (Total: 1/3)
  Ships: 1/2
    2x1: [B, 4]->v;[C, 4]->X
    1x1: [C, 3]->X
->undo
  state 8 (= state 6) OK -> Hit! Keep Firing!
     1  2  3  4
  A  _  _  _  _
  B  _  _  _  v
  C  _  _  X  X
  D  _  _  _  _
  Current Game (debug): 1
  Shots: 2/8
  Bombs: 0/2
  Score: 1/3 (Total: 1/3)
  Ships: 1/2
    2x1: [B, 4]->v;[C, 4]->X
    1x1: [C, 3]->X
->undo
  state 9 (= state 3) OK -> 1x1 ship sunk! Keep Firing!
     1  2  3  4
  A  _  _  _  _
  B  _  _  _  v
  C  _  _  X  v
  D  _  _  _  _
  Current Game (debug): 1
  Shots: 1/8
  Bombs: 0/2
  Score: 1/3 (Total: 1/3)
  Ships: 1/2
    2x1: [B, 4]->v;[C, 4]->v
    1x1: [C, 3]->X
->redo
  state 10 (= state 6) OK -> Hit! Keep Firing!
     1  2  3  4
  A  _  _  _  _
  B  _  _  _  v
  C  _  _  X  X
  D  _  _  _  _
  Current Game (debug): 1
  Shots: 2/8
  Bombs: 0/2
  Score: 1/3 (Total: 1/3)
  Ships: 1/2
    2x1: [B, 4]->v;[C, 4]->X
    1x1: [C, 3]->X
->redo
  state 11 (= state 7) OK -> Miss! Keep Firing!
     1  2  3  4
  A  _  _  _  _
  B  _  _  _  v
  C  _  O  X  X
  D  _  _  _  _
  Current Game (debug): 1
  Shots: 3/8
  Bombs: 0/2
  Score: 1/3 (Total: 1/3)
  Ships: 1/2
    2x1: [B, 4]->v;[C, 4]->X
    1x1: [C, 3]->X
