  state 0 OK -> Start a new game
->debug_test(easy)
  state 1 OK -> Fire Away!
     1  2  3  4
  A  _  _  _  _
  B  _  _  _  v
  C  _  _  h  v
  D  _  _  _  _
  Current Game (debug): 1
  Shots: 0/8
  Bombs: 0/2
  Score: 0/3 (Total: 0/3)
  Ships: 0/2
    2x1: [B, 4]->v;[C, 4]->v
    1x1: [C, 3]->h
->bomb([C, 4],[C, 3])
  state 2 OK -> 1x1 ship sunk! Keep Firing!
     1  2  3  4
  A  _  _  _  _
  B  _  _  _  v
  C  _  _  X  X
  D  _  _  _  _
  Current Game (debug): 1
  Shots: 0/8
  Bombs: 1/2
  Score: 1/3 (Total: 1/3)
  Ships: 1/2
    2x1: [B, 4]->v;[C, 4]->X
    1x1: [C, 3]->X
->undo
  state 3 (= state 1) OK -> Fire Away!
     1  2  3  4
  A  _  _  _  _
  B  _  _  _  v
  C  _  _  h  v
  D  _  _  _  _
  Current Game (debug): 1
  Shots: 0/8
  Bombs: 0/2
  Score: 0/3 (Total: 0/3)
  Ships: 0/2
    2x1: [B, 4]->v;[C, 4]->v
    1x1: [C, 3]->h
->redo
  state 4 (= state 2) OK -> 1x1 ship sunk! Keep Firing!
     1  2  3  4
  A  _  _  _  _
  B  _  _  _  v
  C  _  _  X  X
  D  _  _  _  _
  Current Game (debug): 1
  Shots: 0/8
  Bombs: 1/2
  Score: 1/3 (Total: 1/3)
  Ships: 1/2
    2x1: [B, 4]->v;[C, 4]->X
    1x1: [C, 3]->X
->bomb([C, 1],[C, 2])
  state 5 OK -> Miss! Keep Firing!
     1  2  3  4
  A  _  _  _  _
  B  _  _  _  v
  C  O  O  X  X
  D  _  _  _  _
  Current Game (debug): 1
  Shots: 0/8
  Bombs: 2/2
  Score: 1/3 (Total: 1/3)
  Ships: 1/2
    2x1: [B, 4]->v;[C, 4]->X
    1x1: [C, 3]->X
->undo
  state 6 (= state 2) OK -> 1x1 ship sunk! Keep Firing!
     1  2  3  4
  A  _  _  _  _
  B  _  _  _  v
  C  _  _  X  X
  D  _  _  _  _
  Current Game (debug): 1
  Shots: 0/8
  Bombs: 1/2
  Score: 1/3 (Total: 1/3)
  Ships: 1/2
    2x1: [B, 4]->v;[C, 4]->X
    1x1: [C, 3]->X
->redo
  state 7 (= state 5) OK -> Miss! Keep Firing!
     1  2  3  4
  A  _  _  _  _
  B  _  _  _  v
  C  O  O  X  X
  D  _  _  _  _
  Current Game (debug): 1
  Shots: 0/8
  Bombs: 2/2
  Score: 1/3 (Total: 1/3)
  Ships: 1/2
    2x1: [B, 4]->v;[C, 4]->X
    1x1: [C, 3]->X
->bomb([C, 3],[C, 1])
  state 8 No bombs remaining -> Keep Firing!
     1  2  3  4
  A  _  _  _  _
  B  _  _  _  v
  C  O  O  X  X
  D  _  _  _  _
  Current Game (debug): 1
  Shots: 0/8
  Bombs: 2/2
  Score: 1/3 (Total: 1/3)
  Ships: 1/2
    2x1: [B, 4]->v;[C, 4]->X
    1x1: [C, 3]->X
->undo
  state 9 (= state 5) OK -> Miss! Keep Firing!
     1  2  3  4
  A  _  _  _  _
  B  _  _  _  v
  C  O  O  X  X
  D  _  _  _  _
  Current Game (debug): 1
  Shots: 0/8
  Bombs: 2/2
  Score: 1/3 (Total: 1/3)
  Ships: 1/2
    2x1: [B, 4]->v;[C, 4]->X
    1x1: [C, 3]->X
->redo
  state 10 (= state 8) No bombs remaining -> Keep Firing!
     1  2  3  4
  A  _  _  _  _
  B  _  _  _  v
  C  O  O  X  X
  D  _  _  _  _
  Current Game (debug): 1
  Shots: 0/8
  Bombs: 2/2
  Score: 1/3 (Total: 1/3)
  Ships: 1/2
    2x1: [B, 4]->v;[C, 4]->X
    1x1: [C, 3]->X
->bomb([A, 1],[A, 2])
  state 11 No bombs remaining -> Keep Firing!
     1  2  3  4
  A  _  _  _  _
  B  _  _  _  v
  C  O  O  X  X
  D  _  _  _  _
  Current Game (debug): 1
  Shots: 0/8
  Bombs: 2/2
  Score: 1/3 (Total: 1/3)
  Ships: 1/2
    2x1: [B, 4]->v;[C, 4]->X
    1x1: [C, 3]->X
->undo
  state 12 (= state 8) No bombs remaining -> Keep Firing!
     1  2  3  4
  A  _  _  _  _
  B  _  _  _  v
  C  O  O  X  X
  D  _  _  _  _
  Current Game (debug): 1
  Shots: 0/8
  Bombs: 2/2
  Score: 1/3 (Total: 1/3)
  Ships: 1/2
    2x1: [B, 4]->v;[C, 4]->X
    1x1: [C, 3]->X
->redo
  state 13 (= state 11) No bombs remaining -> Keep Firing!
     1  2  3  4
  A  _  _  _  _
  B  _  _  _  v
  C  O  O  X  X
  D  _  _  _  _
  Current Game (debug): 1
  Shots: 0/8
  Bombs: 2/2
  Score: 1/3 (Total: 1/3)
  Ships: 1/2
    2x1: [B, 4]->v;[C, 4]->X
    1x1: [C, 3]->X
->fire([A, 1])
  state 14 OK -> Miss! Keep Firing!
     1  2  3  4
  A  O  _  _  _
  B  _  _  _  v
  C  O  O  X  X
  D  _  _  _  _
  Current Game (debug): 1
  Shots: 1/8
  Bombs: 2/2
  Score: 1/3 (Total: 1/3)
  Ships: 1/2
    2x1: [B, 4]->v;[C, 4]->X
    1x1: [C, 3]->X
->undo
  state 15 (= state 11) No bombs remaining -> Keep Firing!
     1  2  3  4
  A  _  _  _  _
  B  _  _  _  v
  C  O  O  X  X
  D  _  _  _  _
  Current Game (debug): 1
  Shots: 0/8
  Bombs: 2/2
  Score: 1/3 (Total: 1/3)
  Ships: 1/2
    2x1: [B, 4]->v;[C, 4]->X
    1x1: [C, 3]->X
->redo
  state 16 (= state 14) OK -> Miss! Keep Firing!
     1  2  3  4
  A  O  _  _  _
  B  _  _  _  v
  C  O  O  X  X
  D  _  _  _  _
  Current Game (debug): 1
  Shots: 1/8
  Bombs: 2/2
  Score: 1/3 (Total: 1/3)
  Ships: 1/2
    2x1: [B, 4]->v;[C, 4]->X
    1x1: [C, 3]->X
->debug_test(easy)
  state 17 Game already started -> Keep Firing!
     1  2  3  4
  A  O  _  _  _
  B  _  _  _  v
  C  O  O  X  X
  D  _  _  _  _
  Current Game (debug): 1
  Shots: 1/8
  Bombs: 2/2
  Score: 1/3 (Total: 1/3)
  Ships: 1/2
    2x1: [B, 4]->v;[C, 4]->X
    1x1: [C, 3]->X
->new_game(easy)
  state 18 Game already started -> Keep Firing!
     1  2  3  4
  A  O  _  _  _
  B  _  _  _  v
  C  O  O  X  X
  D  _  _  _  _
  Current Game (debug): 1
  Shots: 1/8
  Bombs: 2/2
  Score: 1/3 (Total: 1/3)
  Ships: 1/2
    2x1: [B, 4]->v;[C, 4]->X
    1x1: [C, 3]->X
->undo
  state 19 (= state 17) Game already started -> Keep Firing!
     1  2  3  4
  A  O  _  _  _
  B  _  _  _  v
  C  O  O  X  X
  D  _  _  _  _
  Current Game (debug): 1
  Shots: 1/8
  Bombs: 2/2
  Score: 1/3 (Total: 1/3)
  Ships: 1/2
    2x1: [B, 4]->v;[C, 4]->X
    1x1: [C, 3]->X
->redo
  state 20 (= state 18) Game already started -> Keep Firing!
     1  2  3  4
  A  O  _  _  _
  B  _  _  _  v
  C  O  O  X  X
  D  _  _  _  _
  Current Game (debug): 1
  Shots: 1/8
  Bombs: 2/2
  Score: 1/3 (Total: 1/3)
  Ships: 1/2
    2x1: [B, 4]->v;[C, 4]->X
    1x1: [C, 3]->X
->bomb([E, 5],[E, 7])
  state 21 No bombs remaining -> Keep Firing!
     1  2  3  4
  A  O  _  _  _
  B  _  _  _  v
  C  O  O  X  X
  D  _  _  _  _
  Current Game (debug): 1
  Shots: 1/8
  Bombs: 2/2
  Score: 1/3 (Total: 1/3)
  Ships: 1/2
    2x1: [B, 4]->v;[C, 4]->X
    1x1: [C, 3]->X
->bomb([E, 5],[E, 6])
  state 22 No bombs remaining -> Keep Firing!
     1  2  3  4
  A  O  _  _  _
  B  _  _  _  v
  C  O  O  X  X
  D  _  _  _  _
  Current Game (debug): 1
  Shots: 1/8
  Bombs: 2/2
  Score: 1/3 (Total: 1/3)
  Ships: 1/2
    2x1: [B, 4]->v;[C, 4]->X
    1x1: [C, 3]->X
