  state 0 OK -> Start a new game
->custom_setup_test(7,3,35,3)
  state 1 OK -> Fire Away!
     1  2  3  4  5  6  7
  A  _  h  h  _  _  _  _
  B  _  _  _  _  _  _  _
  C  _  _  _  _  _  _  _
  D  v  _  _  _  _  _  _
  E  v  _  _  _  _  _  _
  F  v  _  _  _  _  _  _
  G  _  v  _  _  _  _  _
  Current Game (debug): 1
  Shots: 0/35
  Bombs: 0/3
  Score: 0/6 (Total: 0/6)
  Ships: 0/3
    3x1: [D, 1]->v;[E, 1]->v;[F, 1]->v
    2x1: [A, 2]->h;[A, 3]->h
    1x1: [G, 2]->v
->bomb([A, 1],[A, 2])
  state 2 OK -> Hit! Keep Firing!
     1  2  3  4  5  6  7
  A  O  X  h  _  _  _  _
  B  _  _  _  _  _  _  _
  C  _  _  _  _  _  _  _
  D  v  _  _  _  _  _  _
  E  v  _  _  _  _  _  _
  F  v  _  _  _  _  _  _
  G  _  v  _  _  _  _  _
  Current Game (debug): 1
  Shots: 0/35
  Bombs: 1/3
  Score: 0/6 (Total: 0/6)
  Ships: 0/3
    3x1: [D, 1]->v;[E, 1]->v;[F, 1]->v
    2x1: [A, 2]->X;[A, 3]->h
    1x1: [G, 2]->v
->bomb([D, 1],[E, 1])
  state 3 OK -> Hit! Keep Firing!
     1  2  3  4  5  6  7
  A  O  X  h  _  _  _  _
  B  _  _  _  _  _  _  _
  C  _  _  _  _  _  _  _
  D  X  _  _  _  _  _  _
  E  X  _  _  _  _  _  _
  F  v  _  _  _  _  _  _
  G  _  v  _  _  _  _  _
  Current Game (debug): 1
  Shots: 0/35
  Bombs: 2/3
  Score: 0/6 (Total: 0/6)
  Ships: 0/3
    3x1: [D, 1]->X;[E, 1]->X;[F, 1]->v
    2x1: [A, 2]->X;[A, 3]->h
    1x1: [G, 2]->v
->bomb([F, 1],[G, 1])
  state 4 OK -> 3x1 ship sunk! Keep Firing!
     1  2  3  4  5  6  7
  A  O  X  h  _  _  _  _
  B  _  _  _  _  _  _  _
  C  _  _  _  _  _  _  _
  D  X  _  _  _  _  _  _
  E  X  _  _  _  _  _  _
  F  X  _  _  _  _  _  _
  G  O  v  _  _  _  _  _
  Current Game (debug): 1
  Shots: 0/35
  Bombs: 3/3
  Score: 3/6 (Total: 3/6)
  Ships: 1/3
    3x1: [D, 1]->X;[E, 1]->X;[F, 1]->X
    2x1: [A, 2]->X;[A, 3]->h
    1x1: [G, 2]->v
->bomb([A, 1],[B, 1])
  state 5 No bombs remaining -> Keep Firing!
     1  2  3  4  5  6  7
  A  O  X  h  _  _  _  _
  B  _  _  _  _  _  _  _
  C  _  _  _  _  _  _  _
  D  X  _  _  _  _  _  _
  E  X  _  _  _  _  _  _
  F  X  _  _  _  _  _  _
  G  O  v  _  _  _  _  _
  Current Game (debug): 1
  Shots: 0/35
  Bombs: 3/3
  Score: 3/6 (Total: 3/6)
  Ships: 1/3
    3x1: [D, 1]->X;[E, 1]->X;[F, 1]->X
    2x1: [A, 2]->X;[A, 3]->h
    1x1: [G, 2]->v
->undo
  state 6 (= state 4) OK -> 3x1 ship sunk! Keep Firing!
     1  2  3  4  5  6  7
  A  O  X  h  _  _  _  _
  B  _  _  _  _  _  _  _
  C  _  _  _  _  _  _  _
  D  X  _  _  _  _  _  _
  E  X  _  _  _  _  _  _
  F  X  _  _  _  _  _  _
  G  O  v  _  _  _  _  _
  Current Game (debug): 1
  Shots: 0/35
  Bombs: 3/3
  Score: 3/6 (Total: 3/6)
  Ships: 1/3
    3x1: [D, 1]->X;[E, 1]->X;[F, 1]->X
    2x1: [A, 2]->X;[A, 3]->h
    1x1: [G, 2]->v
->undo
  state 7 (= state 3) OK -> Hit! Keep Firing!
     1  2  3  4  5  6  7
  A  O  X  h  _  _  _  _
  B  _  _  _  _  _  _  _
  C  _  _  _  _  _  _  _
  D  X  _  _  _  _  _  _
  E  X  _  _  _  _  _  _
  F  v  _  _  _  _  _  _
  G  _  v  _  _  _  _  _
  Current Game (debug): 1
  Shots: 0/35
  Bombs: 2/3
  Score: 0/6 (Total: 0/6)
  Ships: 0/3
    3x1: [D, 1]->X;[E, 1]->X;[F, 1]->v
    2x1: [A, 2]->X;[A, 3]->h
    1x1: [G, 2]->v
->redo
  state 8 (= state 4) OK -> 3x1 ship sunk! Keep Firing!
     1  2  3  4  5  6  7
  A  O  X  h  _  _  _  _
  B  _  _  _  _  _  _  _
  C  _  _  _  _  _  _  _
  D  X  _  _  _  _  _  _
  E  X  _  _  _  _  _  _
  F  X  _  _  _  _  _  _
  G  O  v  _  _  _  _  _
  Current Game (debug): 1
  Shots: 0/35
  Bombs: 3/3
  Score: 3/6 (Total: 3/6)
  Ships: 1/3
    3x1: [D, 1]->X;[E, 1]->X;[F, 1]->X
    2x1: [A, 2]->X;[A, 3]->h
    1x1: [G, 2]->v
->fire([G, 2])
  state 9 OK -> 1x1 ship sunk! Keep Firing!
     1  2  3  4  5  6  7
  A  O  X  h  _  _  _  _
  B  _  _  _  _  _  _  _
  C  _  _  _  _  _  _  _
  D  X  _  _  _  _  _  _
  E  X  _  _  _  _  _  _
  F  X  _  _  _  _  _  _
  G  O  X  _  _  _  _  _
  Current Game (debug): 1
  Shots: 1/35
  Bombs: 3/3
  Score: 4/6 (Total: 4/6)
  Ships: 2/3
    3x1: [D, 1]->X;[E, 1]->X;[F, 1]->X
    2x1: [A, 2]->X;[A, 3]->h
    1x1: [G, 2]->X
->fire([A, 3])
  state 10 OK -> 2x1 ship sunk! You Win!
     1  2  3  4  5  6  7
  A  O  X  X  _  _  _  _
  B  _  _  _  _  _  _  _
  C  _  _  _  _  _  _  _
  D  X  _  _  _  _  _  _
  E  X  _  _  _  _  _  _
  F  X  _  _  _  _  _  _
  G  O  X  _  _  _  _  _
  Current Game (debug): 1
  Shots: 2/35
  Bombs: 3/3
  Score: 6/6 (Total: 6/6)
  Ships: 3/3
    3x1: [D, 1]->X;[E, 1]->X;[F, 1]->X
    2x1: [A, 2]->X;[A, 3]->X
    1x1: [G, 2]->X
->custom_setup_test(7,3,35,3)
  state 11 OK -> Fire Away!
     1  2  3  4  5  6  7
  A  _  _  _  _  _  _  _
  B  _  _  _  _  _  _  _
  C  _  v  _  _  _  _  _
  D  _  v  _  _  _  _  _
  E  _  _  v  _  _  _  _
  F  _  _  v  _  _  _  _
  G  _  h  v  _  _  _  _
  Current Game (debug): 2
  Shots: 0/35
  Bombs: 0/3
  Score: 0/6 (Total: 6/12)
  Ships: 0/3
    3x1: [E, 3]->v;[F, 3]->v;[G, 3]->v
    2x1: [C, 2]->v;[D, 2]->v
    1x1: [G, 2]->h
