  state 0 OK -> Start a new game
->debug_test(easy)
  state 1 OK -> Fire Away!
     1  2  3  4
  A  _  _  _  _
  B  _  _  _  v
  C  _  _  h  v
  D  _  _  _  _
  Current Game (debug): 1
  Shots: 0/8
  Bombs: 0/2
  Score: 0/3 (Total: 0/3)
  Ships: 0/2
    2x1: [B, 4]->v;[C, 4]->v
    1x1: [C, 3]->h
->give_up
  state 2 OK -> You gave up!
     1  2  3  4
  A  _  _  _  _
  B  _  _  _  v
  C  _  _  h  v
  D  _  _  _  _
  Current Game (debug): 1
  Shots: 0/8
  Bombs: 0/2
  Score: 0/3 (Total: 0/3)
  Ships: 0/2
    2x1: [B, 4]->v;[C, 4]->v
    1x1: [C, 3]->h
->debug_test(easy)
  state 3 OK -> Fire Away!
     1  2  3  4
  A  _  _  _  _
  B  _  _  _  _
  C  _  v  _  _
  D  _  v  _  v
  Current Game (debug): 1
  Shots: 0/8
  Bombs: 0/2
  Score: 0/3 (Total: 0/3)
  Ships: 0/2
    2x1: [C, 2]->v;[D, 2]->v
    1x1: [D, 4]->v
->give_up
  state 4 OK -> You gave up!
     1  2  3  4
  A  _  _  _  _
  B  _  _  _  _
  C  _  v  _  _
  D  _  v  _  v
  Current Game (debug): 1
  Shots: 0/8
  Bombs: 0/2
  Score: 0/3 (Total: 0/3)
  Ships: 0/2
    2x1: [C, 2]->v;[D, 2]->v
    1x1: [D, 4]->v
->debug_test(medium)
  state 5 OK -> Fire Away!
     1  2  3  4  5  6
  A  _  h  h  h  _  _
  B  _  v  _  _  _  _
  C  _  v  _  _  _  v
  D  _  _  _  _  _  _
  E  _  _  _  _  _  _
  F  _  _  _  _  _  _
  Current Game (debug): 1
  Shots: 0/16
  Bombs: 0/3
  Score: 0/6 (Total: 0/6)
  Ships: 0/3
    3x1: [A, 2]->h;[A, 3]->h;[A, 4]->h
    2x1: [B, 2]->v;[C, 2]->v
    1x1: [C, 6]->v
->give_up
  state 6 OK -> You gave up!
     1  2  3  4  5  6
  A  _  h  h  h  _  _
  B  _  v  _  _  _  _
  C  _  v  _  _  _  v
  D  _  _  _  _  _  _
  E  _  _  _  _  _  _
  F  _  _  _  _  _  _
  Current Game (debug): 1
  Shots: 0/16
  Bombs: 0/3
  Score: 0/6 (Total: 0/6)
  Ships: 0/3
    3x1: [A, 2]->h;[A, 3]->h;[A, 4]->h
    2x1: [B, 2]->v;[C, 2]->v
    1x1: [C, 6]->v
->new_game(easy)
  state 7 OK -> Fire Away!
     1  2  3  4
  A  _  _  _  _
  B  _  _  _  _
  C  _  _  _  _
  D  _  _  _  _
  Current Game: 1
  Shots: 0/8
  Bombs: 0/2
  Score: 0/3 (Total: 0/3)
  Ships: 0/2
    2x1: Not Sunk
    1x1: Not Sunk
->give_up
  state 8 OK -> You gave up!
     1  2  3  4
  A  _  _  _  _
  B  _  _  _  _
  C  _  _  _  _
  D  _  _  _  _
  Current Game: 1
  Shots: 0/8
  Bombs: 0/2
  Score: 0/3 (Total: 0/3)
  Ships: 0/2
    2x1: Not Sunk
    1x1: Not Sunk
->debug_test(easy)
  state 9 OK -> Fire Away!
     1  2  3  4
  A  _  _  _  _
  B  _  _  _  v
  C  _  _  h  v
  D  _  _  _  _
  Current Game (debug): 1
  Shots: 0/8
  Bombs: 0/2
  Score: 0/3 (Total: 0/3)
  Ships: 0/2
    2x1: [B, 4]->v;[C, 4]->v
    1x1: [C, 3]->h
->give_up
  state 10 OK -> You gave up!
     1  2  3  4
  A  _  _  _  _
  B  _  _  _  v
  C  _  _  h  v
  D  _  _  _  _
  Current Game (debug): 1
  Shots: 0/8
  Bombs: 0/2
  Score: 0/3 (Total: 0/3)
  Ships: 0/2
    2x1: [B, 4]->v;[C, 4]->v
    1x1: [C, 3]->h
->new_game(advanced)
  state 11 OK -> Fire Away!
     1  2  3  4  5  6  7  8  9 10 11 12
  A  _  _  _  _  _  _  _  _  _  _  _  _
  B  _  _  _  _  _  _  _  _  _  _  _  _
  C  _  _  _  _  _  _  _  _  _  _  _  _
  D  _  _  _  _  _  _  _  _  _  _  _  _
  E  _  _  _  _  _  _  _  _  _  _  _  _
  F  _  _  _  _  _  _  _  _  _  _  _  _
  G  _  _  _  _  _  _  _  _  _  _  _  _
  H  _  _  _  _  _  _  _  _  _  _  _  _
  I  _  _  _  _  _  _  _  _  _  _  _  _
  J  _  _  _  _  _  _  _  _  _  _  _  _
  K  _  _  _  _  _  _  _  _  _  _  _  _
  L  _  _  _  _  _  _  _  _  _  _  _  _
  Current Game: 1
  Shots: 0/40
  Bombs: 0/7
  Score: 0/28 (Total: 0/28)
  Ships: 0/7
    7x1: Not Sunk
    6x1: Not Sunk
    5x1: Not Sunk
    4x1: Not Sunk
    3x1: Not Sunk
    2x1: Not Sunk
    1x1: Not Sunk
->give_up
  state 12 OK -> You gave up!
     1  2  3  4  5  6  7  8  9 10 11 12
  A  _  _  _  _  _  _  _  _  _  _  _  _
  B  _  _  _  _  _  _  _  _  _  _  _  _
  C  _  _  _  _  _  _  _  _  _  _  _  _
  D  _  _  _  _  _  _  _  _  _  _  _  _
  E  _  _  _  _  _  _  _  _  _  _  _  _
  F  _  _  _  _  _  _  _  _  _  _  _  _
  G  _  _  _  _  _  _  _  _  _  _  _  _
  H  _  _  _  _  _  _  _  _  _  _  _  _
  I  _  _  _  _  _  _  _  _  _  _  _  _
  J  _  _  _  _  _  _  _  _  _  _  _  _
  K  _  _  _  _  _  _  _  _  _  _  _  _
  L  _  _  _  _  _  _  _  _  _  _  _  _
  Current Game: 1
  Shots: 0/40
  Bombs: 0/7
  Score: 0/28 (Total: 0/28)
  Ships: 0/7
    7x1: Not Sunk
    6x1: Not Sunk
    5x1: Not Sunk
    4x1: Not Sunk
    3x1: Not Sunk
    2x1: Not Sunk
    1x1: Not Sunk
->debug_test(advanced)
  state 13 OK -> Fire Away!
     1  2  3  4  5  6  7  8  9 10 11 12
  A  _  _  _  _  h  h  h  _  _  _  _  _
  B  _  _  _  _  _  _  _  _  _  _  _  _
  C  _  _  _  _  _  h  h  h  h  h  h  _
  D  _  v  _  _  _  _  _  _  _  _  _  _
  E  _  v  _  _  _  _  _  v  _  _  _  _
  F  _  v  _  v  _  _  _  v  _  _  _  _
  G  _  v  _  v  _  _  _  v  h  _  _  _
  H  _  v  _  v  _  _  _  v  _  _  _  v
  I  _  _  _  v  _  _  _  v  _  _  _  v
  J  _  _  _  _  _  _  _  v  _  _  _  _
  K  _  _  _  _  _  _  _  v  _  _  _  _
  L  _  _  _  _  _  _  _  _  _  _  _  _
  Current Game (debug): 1
  Shots: 0/40
  Bombs: 0/7
  Score: 0/28 (Total: 0/28)
  Ships: 0/7
    7x1: [E, 8]->v;[F, 8]->v;[G, 8]->v;[H, 8]->v;[I, 8]->v;[J, 8]->v;[K, 8]->v
    6x1: [C, 6]->h;[C, 7]->h;[C, 8]->h;[C, 9]->h;[C,10]->h;[C,11]->h
    5x1: [D, 2]->v;[E, 2]->v;[F, 2]->v;[G, 2]->v;[H, 2]->v
    4x1: [F, 4]->v;[G, 4]->v;[H, 4]->v;[I, 4]->v
    3x1: [A, 5]->h;[A, 6]->h;[A, 7]->h
    2x1: [H,12]->v;[I,12]->v
    1x1: [G, 9]->h
->give_up
  state 14 OK -> You gave up!
     1  2  3  4  5  6  7  8  9 10 11 12
  A  _  _  _  _  h  h  h  _  _  _  _  _
  B  _  _  _  _  _  _  _  _  _  _  _  _
  C  _  _  _  _  _  h  h  h  h  h  h  _
  D  _  v  _  _  _  _  _  _  _  _  _  _
  E  _  v  _  _  _  _  _  v  _  _  _  _
  F  _  v  _  v  _  _  _  v  _  _  _  _
  G  _  v  _  v  _  _  _  v  h  _  _  _
  H  _  v  _  v  _  _  _  v  _  _  _  v
  I  _  _  _  v  _  _  _  v  _  _  _  v
  J  _  _  _  _  _  _  _  v  _  _  _  _
  K  _  _  _  _  _  _  _  v  _  _  _  _
  L  _  _  _  _  _  _  _  _  _  _  _  _
  Current Game (debug): 1
  Shots: 0/40
  Bombs: 0/7
  Score: 0/28 (Total: 0/28)
  Ships: 0/7
    7x1: [E, 8]->v;[F, 8]->v;[G, 8]->v;[H, 8]->v;[I, 8]->v;[J, 8]->v;[K, 8]->v
    6x1: [C, 6]->h;[C, 7]->h;[C, 8]->h;[C, 9]->h;[C,10]->h;[C,11]->h
    5x1: [D, 2]->v;[E, 2]->v;[F, 2]->v;[G, 2]->v;[H, 2]->v
    4x1: [F, 4]->v;[G, 4]->v;[H, 4]->v;[I, 4]->v
    3x1: [A, 5]->h;[A, 6]->h;[A, 7]->h
    2x1: [H,12]->v;[I,12]->v
    1x1: [G, 9]->h
->debug_test(hard)
  state 15 OK -> Fire Away!
     1  2  3  4  5  6  7  8
  A  _  h  h  h  h  h  _  _
  B  _  _  _  v  _  _  _  _
  C  _  v  _  v  _  _  _  _
  D  _  _  _  v  _  _  _  _
  E  _  _  _  _  _  _  _  _
  F  _  _  _  h  h  h  h  _
  G  _  _  _  _  _  h  h  _
  H  _  _  _  _  _  _  _  _
  Current Game (debug): 1
  Shots: 0/24
  Bombs: 0/5
  Score: 0/15 (Total: 0/15)
  Ships: 0/5
    5x1: [A, 2]->h;[A, 3]->h;[A, 4]->h;[A, 5]->h;[A, 6]->h
    4x1: [F, 4]->h;[F, 5]->h;[F, 6]->h;[F, 7]->h
    3x1: [B, 4]->v;[C, 4]->v;[D, 4]->v
    2x1: [G, 6]->h;[G, 7]->h
    1x1: [C, 2]->v
->give_up
  state 16 OK -> You gave up!
     1  2  3  4  5  6  7  8
  A  _  h  h  h  h  h  _  _
  B  _  _  _  v  _  _  _  _
  C  _  v  _  v  _  _  _  _
  D  _  _  _  v  _  _  _  _
  E  _  _  _  _  _  _  _  _
  F  _  _  _  h  h  h  h  _
  G  _  _  _  _  _  h  h  _
  H  _  _  _  _  _  _  _  _
  Current Game (debug): 1
  Shots: 0/24
  Bombs: 0/5
  Score: 0/15 (Total: 0/15)
  Ships: 0/5
    5x1: [A, 2]->h;[A, 3]->h;[A, 4]->h;[A, 5]->h;[A, 6]->h
    4x1: [F, 4]->h;[F, 5]->h;[F, 6]->h;[F, 7]->h
    3x1: [B, 4]->v;[C, 4]->v;[D, 4]->v
    2x1: [G, 6]->h;[G, 7]->h
    1x1: [C, 2]->v
->new_game(easy)
  state 17 OK -> Fire Away!
     1  2  3  4
  A  _  _  _  _
  B  _  _  _  _
  C  _  _  _  _
  D  _  _  _  _
  Current Game: 1
  Shots: 0/8
  Bombs: 0/2
  Score: 0/3 (Total: 0/3)
  Ships: 0/2
    2x1: Not Sunk
    1x1: Not Sunk
->give_up
  state 18 OK -> You gave up!
     1  2  3  4
  A  _  _  _  _
  B  _  _  _  _
  C  _  _  _  _
  D  _  _  _  _
  Current Game: 1
  Shots: 0/8
  Bombs: 0/2
  Score: 0/3 (Total: 0/3)
  Ships: 0/2
    2x1: Not Sunk
    1x1: Not Sunk
->debug_test(easy)
  state 19 OK -> Fire Away!
     1  2  3  4
  A  _  _  _  _
  B  _  _  _  v
  C  _  _  h  v
  D  _  _  _  _
  Current Game (debug): 1
  Shots: 0/8
  Bombs: 0/2
  Score: 0/3 (Total: 0/3)
  Ships: 0/2
    2x1: [B, 4]->v;[C, 4]->v
    1x1: [C, 3]->h
->undo
  state 20 Nothing to undo -> Fire Away!
     1  2  3  4
  A  _  _  _  _
  B  _  _  _  v
  C  _  _  h  v
  D  _  _  _  _
  Current Game (debug): 1
  Shots: 0/8
  Bombs: 0/2
  Score: 0/3 (Total: 0/3)
  Ships: 0/2
    2x1: [B, 4]->v;[C, 4]->v
    1x1: [C, 3]->h
->redo
  state 21 Nothing to redo -> Fire Away!
     1  2  3  4
  A  _  _  _  _
  B  _  _  _  v
  C  _  _  h  v
  D  _  _  _  _
  Current Game (debug): 1
  Shots: 0/8
  Bombs: 0/2
  Score: 0/3 (Total: 0/3)
  Ships: 0/2
    2x1: [B, 4]->v;[C, 4]->v
    1x1: [C, 3]->h
->undo
  state 22 Nothing to undo -> Fire Away!
     1  2  3  4
  A  _  _  _  _
  B  _  _  _  v
  C  _  _  h  v
  D  _  _  _  _
  Current Game (debug): 1
  Shots: 0/8
  Bombs: 0/2
  Score: 0/3 (Total: 0/3)
  Ships: 0/2
    2x1: [B, 4]->v;[C, 4]->v
    1x1: [C, 3]->h
->redo
  state 23 Nothing to redo -> Fire Away!
     1  2  3  4
  A  _  _  _  _
  B  _  _  _  v
  C  _  _  h  v
  D  _  _  _  _
  Current Game (debug): 1
  Shots: 0/8
  Bombs: 0/2
  Score: 0/3 (Total: 0/3)
  Ships: 0/2
    2x1: [B, 4]->v;[C, 4]->v
    1x1: [C, 3]->h
->fire([A, 1])
  state 24 OK -> Miss! Keep Firing!
     1  2  3  4
  A  O  _  _  _
  B  _  _  _  v
  C  _  _  h  v
  D  _  _  _  _
  Current Game (debug): 1
  Shots: 1/8
  Bombs: 0/2
  Score: 0/3 (Total: 0/3)
  Ships: 0/2
    2x1: [B, 4]->v;[C, 4]->v
    1x1: [C, 3]->h
->undo
  state 25 (= state 19) OK -> Fire Away!
     1  2  3  4
  A  _  _  _  _
  B  _  _  _  v
  C  _  _  h  v
  D  _  _  _  _
  Current Game (debug): 1
  Shots: 0/8
  Bombs: 0/2
  Score: 0/3 (Total: 0/3)
  Ships: 0/2
    2x1: [B, 4]->v;[C, 4]->v
    1x1: [C, 3]->h
->redo
  state 26 (= state 24) OK -> Miss! Keep Firing!
     1  2  3  4
  A  O  _  _  _
  B  _  _  _  v
  C  _  _  h  v
  D  _  _  _  _
  Current Game (debug): 1
  Shots: 1/8
  Bombs: 0/2
  Score: 0/3 (Total: 0/3)
  Ships: 0/2
    2x1: [B, 4]->v;[C, 4]->v
    1x1: [C, 3]->h
