  state 0 OK -> Start a new game
->debug_test(easy)
  state 1 OK -> Fire Away!
     1  2  3  4
  A  _  _  _  _
  B  _  _  _  v
  C  _  _  h  v
  D  _  _  _  _
  Current Game (debug): 1
  Shots: 0/8
  Bombs: 0/2
  Score: 0/3 (Total: 0/3)
  Ships: 0/2
    2x1: [B, 4]->v;[C, 4]->v
    1x1: [C, 3]->h
->bomb([D, 4],[D, 3])
  state 2 OK -> Miss! Keep Firing!
     1  2  3  4
  A  _  _  _  _
  B  _  _  _  v
  C  _  _  h  v
  D  _  _  O  O
  Current Game (debug): 1
  Shots: 0/8
  Bombs: 1/2
  Score: 0/3 (Total: 0/3)
  Ships: 0/2
    2x1: [B, 4]->v;[C, 4]->v
    1x1: [C, 3]->h
->fire([A, 1])
  state 3 OK -> Miss! Keep Firing!
     1  2  3  4
  A  O  _  _  _
  B  _  _  _  v
  C  _  _  h  v
  D  _  _  O  O
  Current Game (debug): 1
  Shots: 1/8
  Bombs: 1/2
  Score: 0/3 (Total: 0/3)
  Ships: 0/2
    2x1: [B, 4]->v;[C, 4]->v
    1x1: [C, 3]->h
->fire([D, 1])
  state 4 OK -> Miss! Keep Firing!
     1  2  3  4
  A  O  _  _  _
  B  _  _  _  v
  C  _  _  h  v
  D  O  _  O  O
  Current Game (debug): 1
  Shots: 2/8
  Bombs: 1/2
  Score: 0/3 (Total: 0/3)
  Ships: 0/2
    2x1: [B, 4]->v;[C, 4]->v
    1x1: [C, 3]->h
->fire([B, 4])
  state 5 OK -> Hit! Keep Firing!
     1  2  3  4
  A  O  _  _  _
  B  _  _  _  X
  C  _  _  h  v
  D  O  _  O  O
  Current Game (debug): 1
  Shots: 3/8
  Bombs: 1/2
  Score: 0/3 (Total: 0/3)
  Ships: 0/2
    2x1: [B, 4]->X;[C, 4]->v
    1x1: [C, 3]->h
->bomb([C, 2],[C, 3])
  state 6 OK -> 1x1 ship sunk! Keep Firing!
     1  2  3  4
  A  O  _  _  _
  B  _  _  _  X
  C  _  O  X  v
  D  O  _  O  O
  Current Game (debug): 1
  Shots: 3/8
  Bombs: 2/2
  Score: 1/3 (Total: 1/3)
  Ships: 1/2
    2x1: [B, 4]->X;[C, 4]->v
    1x1: [C, 3]->X
->bomb([B, 2],[B, 3])
  state 7 No bombs remaining -> Keep Firing!
     1  2  3  4
  A  O  _  _  _
  B  _  _  _  X
  C  _  O  X  v
  D  O  _  O  O
  Current Game (debug): 1
  Shots: 3/8
  Bombs: 2/2
  Score: 1/3 (Total: 1/3)
  Ships: 1/2
    2x1: [B, 4]->X;[C, 4]->v
    1x1: [C, 3]->X
