  state 0 OK -> Start a new game
->debug_test(medium)
  state 1 OK -> Fire Away!
     1  2  3  4  5  6
  A  _  _  _  _  _  _
  B  _  _  _  _  _  _
  C  _  h  h  _  _  _
  D  _  v  _  _  _  _
  E  _  v  _  _  _  _
  F  _  v  _  v  _  _
  Current Game (debug): 1
  Shots: 0/16
  Bombs: 0/3
  Score: 0/6 (Total: 0/6)
  Ships: 0/3
    3x1: [D, 2]->v;[E, 2]->v;[F, 2]->v
    2x1: [C, 2]->h;[C, 3]->h
    1x1: [F, 4]->v
->fire([B, 1])
  state 2 OK -> Miss! Keep Firing!
     1  2  3  4  5  6
  A  _  _  _  _  _  _
  B  O  _  _  _  _  _
  C  _  h  h  _  _  _
  D  _  v  _  _  _  _
  E  _  v  _  _  _  _
  F  _  v  _  v  _  _
  Current Game (debug): 1
  Shots: 1/16
  Bombs: 0/3
  Score: 0/6 (Total: 0/6)
  Ships: 0/3
    3x1: [D, 2]->v;[E, 2]->v;[F, 2]->v
    2x1: [C, 2]->h;[C, 3]->h
    1x1: [F, 4]->v
->fire([B, 2])
  state 3 OK -> Miss! Keep Firing!
     1  2  3  4  5  6
  A  _  _  _  _  _  _
  B  O  O  _  _  _  _
  C  _  h  h  _  _  _
  D  _  v  _  _  _  _
  E  _  v  _  _  _  _
  F  _  v  _  v  _  _
  Current Game (debug): 1
  Shots: 2/16
  Bombs: 0/3
  Score: 0/6 (Total: 0/6)
  Ships: 0/3
    3x1: [D, 2]->v;[E, 2]->v;[F, 2]->v
    2x1: [C, 2]->h;[C, 3]->h
    1x1: [F, 4]->v
->fire([B, 2])
  state 4 Already fired there -> Keep Firing!
     1  2  3  4  5  6
  A  _  _  _  _  _  _
  B  O  O  _  _  _  _
  C  _  h  h  _  _  _
  D  _  v  _  _  _  _
  E  _  v  _  _  _  _
  F  _  v  _  v  _  _
  Current Game (debug): 1
  Shots: 2/16
  Bombs: 0/3
  Score: 0/6 (Total: 0/6)
  Ships: 0/3
    3x1: [D, 2]->v;[E, 2]->v;[F, 2]->v
    2x1: [C, 2]->h;[C, 3]->h
    1x1: [F, 4]->v
->bomb([A, 5],[A, 6])
  state 5 OK -> Miss! Keep Firing!
     1  2  3  4  5  6
  A  _  _  _  _  O  O
  B  O  O  _  _  _  _
  C  _  h  h  _  _  _
  D  _  v  _  _  _  _
  E  _  v  _  _  _  _
  F  _  v  _  v  _  _
  Current Game (debug): 1
  Shots: 2/16
  Bombs: 1/3
  Score: 0/6 (Total: 0/6)
  Ships: 0/3
    3x1: [D, 2]->v;[E, 2]->v;[F, 2]->v
    2x1: [C, 2]->h;[C, 3]->h
    1x1: [F, 4]->v
->bomb([A, 5],[A, 6])
  state 6 Already fired there -> Keep Firing!
     1  2  3  4  5  6
  A  _  _  _  _  O  O
  B  O  O  _  _  _  _
  C  _  h  h  _  _  _
  D  _  v  _  _  _  _
  E  _  v  _  _  _  _
  F  _  v  _  v  _  _
  Current Game (debug): 1
  Shots: 2/16
  Bombs: 1/3
  Score: 0/6 (Total: 0/6)
  Ships: 0/3
    3x1: [D, 2]->v;[E, 2]->v;[F, 2]->v
    2x1: [C, 2]->h;[C, 3]->h
    1x1: [F, 4]->v
->fire([A, 4])
  state 7 OK -> Miss! Keep Firing!
     1  2  3  4  5  6
  A  _  _  _  O  O  O
  B  O  O  _  _  _  _
  C  _  h  h  _  _  _
  D  _  v  _  _  _  _
  E  _  v  _  _  _  _
  F  _  v  _  v  _  _
  Current Game (debug): 1
  Shots: 3/16
  Bombs: 1/3
  Score: 0/6 (Total: 0/6)
  Ships: 0/3
    3x1: [D, 2]->v;[E, 2]->v;[F, 2]->v
    2x1: [C, 2]->h;[C, 3]->h
    1x1: [F, 4]->v
->bomb([A, 4],[A, 3])
  state 8 Already fired there -> Keep Firing!
     1  2  3  4  5  6
  A  _  _  _  O  O  O
  B  O  O  _  _  _  _
  C  _  h  h  _  _  _
  D  _  v  _  _  _  _
  E  _  v  _  _  _  _
  F  _  v  _  v  _  _
  Current Game (debug): 1
  Shots: 3/16
  Bombs: 1/3
  Score: 0/6 (Total: 0/6)
  Ships: 0/3
    3x1: [D, 2]->v;[E, 2]->v;[F, 2]->v
    2x1: [C, 2]->h;[C, 3]->h
    1x1: [F, 4]->v
->undo
  state 9 (= state 7) OK -> Miss! Keep Firing!
     1  2  3  4  5  6
  A  _  _  _  O  O  O
  B  O  O  _  _  _  _
  C  _  h  h  _  _  _
  D  _  v  _  _  _  _
  E  _  v  _  _  _  _
  F  _  v  _  v  _  _
  Current Game (debug): 1
  Shots: 3/16
  Bombs: 1/3
  Score: 0/6 (Total: 0/6)
  Ships: 0/3
    3x1: [D, 2]->v;[E, 2]->v;[F, 2]->v
    2x1: [C, 2]->h;[C, 3]->h
    1x1: [F, 4]->v
->redo
  state 10 (= state 8) Already fired there -> Keep Firing!
     1  2  3  4  5  6
  A  _  _  _  O  O  O
  B  O  O  _  _  _  _
  C  _  h  h  _  _  _
  D  _  v  _  _  _  _
  E  _  v  _  _  _  _
  F  _  v  _  v  _  _
  Current Game (debug): 1
  Shots: 3/16
  Bombs: 1/3
  Score: 0/6 (Total: 0/6)
  Ships: 0/3
    3x1: [D, 2]->v;[E, 2]->v;[F, 2]->v
    2x1: [C, 2]->h;[C, 3]->h
    1x1: [F, 4]->v
->redo
  state 11 Nothing to redo -> Keep Firing!
     1  2  3  4  5  6
  A  _  _  _  O  O  O
  B  O  O  _  _  _  _
  C  _  h  h  _  _  _
  D  _  v  _  _  _  _
  E  _  v  _  _  _  _
  F  _  v  _  v  _  _
  Current Game (debug): 1
  Shots: 3/16
  Bombs: 1/3
  Score: 0/6 (Total: 0/6)
  Ships: 0/3
    3x1: [D, 2]->v;[E, 2]->v;[F, 2]->v
    2x1: [C, 2]->h;[C, 3]->h
    1x1: [F, 4]->v
->undo
  state 12 (= state 7) OK -> Miss! Keep Firing!
     1  2  3  4  5  6
  A  _  _  _  O  O  O
  B  O  O  _  _  _  _
  C  _  h  h  _  _  _
  D  _  v  _  _  _  _
  E  _  v  _  _  _  _
  F  _  v  _  v  _  _
  Current Game (debug): 1
  Shots: 3/16
  Bombs: 1/3
  Score: 0/6 (Total: 0/6)
  Ships: 0/3
    3x1: [D, 2]->v;[E, 2]->v;[F, 2]->v
    2x1: [C, 2]->h;[C, 3]->h
    1x1: [F, 4]->v
->undo
  state 13 (= state 6) Already fired there -> Keep Firing!
     1  2  3  4  5  6
  A  _  _  _  _  O  O
  B  O  O  _  _  _  _
  C  _  h  h  _  _  _
  D  _  v  _  _  _  _
  E  _  v  _  _  _  _
  F  _  v  _  v  _  _
  Current Game (debug): 1
  Shots: 2/16
  Bombs: 1/3
  Score: 0/6 (Total: 0/6)
  Ships: 0/3
    3x1: [D, 2]->v;[E, 2]->v;[F, 2]->v
    2x1: [C, 2]->h;[C, 3]->h
    1x1: [F, 4]->v
->give_up
  state 14 OK -> You gave up!
     1  2  3  4  5  6
  A  _  _  _  _  O  O
  B  O  O  _  _  _  _
  C  _  h  h  _  _  _
  D  _  v  _  _  _  _
  E  _  v  _  _  _  _
  F  _  v  _  v  _  _
  Current Game (debug): 1
  Shots: 2/16
  Bombs: 1/3
  Score: 0/6 (Total: 0/6)
  Ships: 0/3
    3x1: [D, 2]->v;[E, 2]->v;[F, 2]->v
    2x1: [C, 2]->h;[C, 3]->h
    1x1: [F, 4]->v
->debug_test(easy)
  state 15 OK -> Fire Away!
     1  2  3  4
  A  _  _  _  _
  B  _  _  _  _
  C  _  v  _  _
  D  _  v  _  v
  Current Game (debug): 1
  Shots: 0/8
  Bombs: 0/2
  Score: 0/3 (Total: 0/3)
  Ships: 0/2
    2x1: [C, 2]->v;[D, 2]->v
    1x1: [D, 4]->v
->bomb([C, 2],[D, 2])
  state 16 OK -> 2x1 ship sunk! Keep Firing!
     1  2  3  4
  A  _  _  _  _
  B  _  _  _  _
  C  _  X  _  _
  D  _  X  _  v
  Current Game (debug): 1
  Shots: 0/8
  Bombs: 1/2
  Score: 2/3 (Total: 2/3)
  Ships: 1/2
    2x1: [C, 2]->X;[D, 2]->X
    1x1: [D, 4]->v
->bomb([D, 3],[D, 4])
  state 17 OK -> 1x1 ship sunk! You Win!
     1  2  3  4
  A  _  _  _  _
  B  _  _  _  _
  C  _  X  _  _
  D  _  X  O  X
  Current Game (debug): 1
  Shots: 0/8
  Bombs: 2/2
  Score: 3/3 (Total: 3/3)
  Ships: 2/2
    2x1: [C, 2]->X;[D, 2]->X
    1x1: [D, 4]->X
->undo
  state 18 Nothing to undo -> Start a new game
     1  2  3  4
  A  _  _  _  _
  B  _  _  _  _
  C  _  X  _  _
  D  _  X  O  X
  Current Game (debug): 1
  Shots: 0/8
  Bombs: 2/2
  Score: 3/3 (Total: 3/3)
  Ships: 2/2
    2x1: [C, 2]->X;[D, 2]->X
    1x1: [D, 4]->X
->redo
  state 19 Nothing to redo -> Start a new game
     1  2  3  4
  A  _  _  _  _
  B  _  _  _  _
  C  _  X  _  _
  D  _  X  O  X
  Current Game (debug): 1
  Shots: 0/8
  Bombs: 2/2
  Score: 3/3 (Total: 3/3)
  Ships: 2/2
    2x1: [C, 2]->X;[D, 2]->X
    1x1: [D, 4]->X
->undo
  state 20 Nothing to undo -> Start a new game
     1  2  3  4
  A  _  _  _  _
  B  _  _  _  _
  C  _  X  _  _
  D  _  X  O  X
  Current Game (debug): 1
  Shots: 0/8
  Bombs: 2/2
  Score: 3/3 (Total: 3/3)
  Ships: 2/2
    2x1: [C, 2]->X;[D, 2]->X
    1x1: [D, 4]->X
->debug_test(easy)
  state 21 OK -> Fire Away!
     1  2  3  4
  A  _  _  _  _
  B  _  _  _  _
  C  _  h  h  _
  D  _  _  _  v
  Current Game (debug): 2
  Shots: 0/8
  Bombs: 0/2
  Score: 0/3 (Total: 3/6)
  Ships: 0/2
    2x1: [C, 2]->h;[C, 3]->h
    1x1: [D, 4]->v
->fire([A, 1])
  state 22 OK -> Miss! Keep Firing!
     1  2  3  4
  A  O  _  _  _
  B  _  _  _  _
  C  _  h  h  _
  D  _  _  _  v
  Current Game (debug): 2
  Shots: 1/8
  Bombs: 0/2
  Score: 0/3 (Total: 3/6)
  Ships: 0/2
    2x1: [C, 2]->h;[C, 3]->h
    1x1: [D, 4]->v
->fire([A, 2])
  state 23 OK -> Miss! Keep Firing!
     1  2  3  4
  A  O  O  _  _
  B  _  _  _  _
  C  _  h  h  _
  D  _  _  _  v
  Current Game (debug): 2
  Shots: 2/8
  Bombs: 0/2
  Score: 0/3 (Total: 3/6)
  Ships: 0/2
    2x1: [C, 2]->h;[C, 3]->h
    1x1: [D, 4]->v
->fire([A, 3])
  state 24 OK -> Miss! Keep Firing!
     1  2  3  4
  A  O  O  O  _
  B  _  _  _  _
  C  _  h  h  _
  D  _  _  _  v
  Current Game (debug): 2
  Shots: 3/8
  Bombs: 0/2
  Score: 0/3 (Total: 3/6)
  Ships: 0/2
    2x1: [C, 2]->h;[C, 3]->h
    1x1: [D, 4]->v
->fire([A, 4])
  state 25 OK -> Miss! Keep Firing!
     1  2  3  4
  A  O  O  O  O
  B  _  _  _  _
  C  _  h  h  _
  D  _  _  _  v
  Current Game (debug): 2
  Shots: 4/8
  Bombs: 0/2
  Score: 0/3 (Total: 3/6)
  Ships: 0/2
    2x1: [C, 2]->h;[C, 3]->h
    1x1: [D, 4]->v
->fire([B, 1])
  state 26 OK -> Miss! Keep Firing!
     1  2  3  4
  A  O  O  O  O
  B  O  _  _  _
  C  _  h  h  _
  D  _  _  _  v
  Current Game (debug): 2
  Shots: 5/8
  Bombs: 0/2
  Score: 0/3 (Total: 3/6)
  Ships: 0/2
    2x1: [C, 2]->h;[C, 3]->h
    1x1: [D, 4]->v
->fire([B, 2])
  state 27 OK -> Miss! Keep Firing!
     1  2  3  4
  A  O  O  O  O
  B  O  O  _  _
  C  _  h  h  _
  D  _  _  _  v
  Current Game (debug): 2
  Shots: 6/8
  Bombs: 0/2
  Score: 0/3 (Total: 3/6)
  Ships: 0/2
    2x1: [C, 2]->h;[C, 3]->h
    1x1: [D, 4]->v
->fire([B, 3])
  state 28 OK -> Miss! Keep Firing!
     1  2  3  4
  A  O  O  O  O
  B  O  O  O  _
  C  _  h  h  _
  D  _  _  _  v
  Current Game (debug): 2
  Shots: 7/8
  Bombs: 0/2
  Score: 0/3 (Total: 3/6)
  Ships: 0/2
    2x1: [C, 2]->h;[C, 3]->h
    1x1: [D, 4]->v
->fire([B, 4])
  state 29 OK -> Miss! Keep Firing!
     1  2  3  4
  A  O  O  O  O
  B  O  O  O  O
  C  _  h  h  _
  D  _  _  _  v
  Current Game (debug): 2
  Shots: 8/8
  Bombs: 0/2
  Score: 0/3 (Total: 3/6)
  Ships: 0/2
    2x1: [C, 2]->h;[C, 3]->h
    1x1: [D, 4]->v
->bomb([D, 3],[D, 4])
  state 30 OK -> 1x1 ship sunk! Keep Firing!
     1  2  3  4
  A  O  O  O  O
  B  O  O  O  O
  C  _  h  h  _
  D  _  _  O  X
  Current Game (debug): 2
  Shots: 8/8
  Bombs: 1/2
  Score: 1/3 (Total: 4/6)
  Ships: 1/2
    2x1: [C, 2]->h;[C, 3]->h
    1x1: [D, 4]->X
->bomb([D, 1],[C, 1])
  state 31 OK -> Miss! Game Over!
     1  2  3  4
  A  O  O  O  O
  B  O  O  O  O
  C  O  h  h  _
  D  O  _  O  X
  Current Game (debug): 2
  Shots: 8/8
  Bombs: 2/2
  Score: 1/3 (Total: 4/6)
  Ships: 1/2
    2x1: [C, 2]->h;[C, 3]->h
    1x1: [D, 4]->X
->undo
  state 32 Nothing to undo -> Start a new game
     1  2  3  4
  A  O  O  O  O
  B  O  O  O  O
  C  O  h  h  _
  D  O  _  O  X
  Current Game (debug): 2
  Shots: 8/8
  Bombs: 2/2
  Score: 1/3 (Total: 4/6)
  Ships: 1/2
    2x1: [C, 2]->h;[C, 3]->h
    1x1: [D, 4]->X
->redo
  state 33 Nothing to redo -> Start a new game
     1  2  3  4
  A  O  O  O  O
  B  O  O  O  O
  C  O  h  h  _
  D  O  _  O  X
  Current Game (debug): 2
  Shots: 8/8
  Bombs: 2/2
  Score: 1/3 (Total: 4/6)
  Ships: 1/2
    2x1: [C, 2]->h;[C, 3]->h
    1x1: [D, 4]->X
->undo
  state 34 Nothing to undo -> Start a new game
     1  2  3  4
  A  O  O  O  O
  B  O  O  O  O
  C  O  h  h  _
  D  O  _  O  X
  Current Game (debug): 2
  Shots: 8/8
  Bombs: 2/2
  Score: 1/3 (Total: 4/6)
  Ships: 1/2
    2x1: [C, 2]->h;[C, 3]->h
    1x1: [D, 4]->X
->give_up
  state 35 Game not started -> Start a new game
     1  2  3  4
  A  O  O  O  O
  B  O  O  O  O
  C  O  h  h  _
  D  O  _  O  X
  Current Game (debug): 2
  Shots: 8/8
  Bombs: 2/2
  Score: 1/3 (Total: 4/6)
  Ships: 1/2
    2x1: [C, 2]->h;[C, 3]->h
    1x1: [D, 4]->X
->bomb([A, 4],[A, 3])
  state 36 Game not started -> Start a new game
     1  2  3  4
  A  O  O  O  O
  B  O  O  O  O
  C  O  h  h  _
  D  O  _  O  X
  Current Game (debug): 2
  Shots: 8/8
  Bombs: 2/2
  Score: 1/3 (Total: 4/6)
  Ships: 1/2
    2x1: [C, 2]->h;[C, 3]->h
    1x1: [D, 4]->X
->fire([A, 4])
  state 37 Game not started -> Start a new game
     1  2  3  4
  A  O  O  O  O
  B  O  O  O  O
  C  O  h  h  _
  D  O  _  O  X
  Current Game (debug): 2
  Shots: 8/8
  Bombs: 2/2
  Score: 1/3 (Total: 4/6)
  Ships: 1/2
    2x1: [C, 2]->h;[C, 3]->h
    1x1: [D, 4]->X
->undo
  state 38 Nothing to undo -> Start a new game
     1  2  3  4
  A  O  O  O  O
  B  O  O  O  O
  C  O  h  h  _
  D  O  _  O  X
  Current Game (debug): 2
  Shots: 8/8
  Bombs: 2/2
  Score: 1/3 (Total: 4/6)
  Ships: 1/2
    2x1: [C, 2]->h;[C, 3]->h
    1x1: [D, 4]->X
->redo
  state 39 Nothing to redo -> Start a new game
     1  2  3  4
  A  O  O  O  O
  B  O  O  O  O
  C  O  h  h  _
  D  O  _  O  X
  Current Game (debug): 2
  Shots: 8/8
  Bombs: 2/2
  Score: 1/3 (Total: 4/6)
  Ships: 1/2
    2x1: [C, 2]->h;[C, 3]->h
    1x1: [D, 4]->X
